###############################################################################
#
# IAR ELF Linker V8.40.2.214/W32 for ARM                  26/Jan/2021  00:08:18
# Copyright 2007-2019 IAR Systems AB.
#
#    Output file  =  D:\Radio\Jobe\LED Driver_v2\prog\EWARM\prog\Exe\prog.out
#    Map file     =  D:\Radio\Jobe\LED Driver_v2\prog\EWARM\prog\List\prog.map
#    Command line =
#        -f C:\Users\IERIXO~1\AppData\Local\Temp\EW76EC.tmp ("D:\Radio\Jobe\LED
#        Driver_v2\prog\EWARM\prog\Obj\adc.o" "D:\Radio\Jobe\LED
#        Driver_v2\prog\EWARM\prog\Obj\cmsis_os.o" "D:\Radio\Jobe\LED
#        Driver_v2\prog\EWARM\prog\Obj\croutine.o" "D:\Radio\Jobe\LED
#        Driver_v2\prog\EWARM\prog\Obj\event_groups.o" "D:\Radio\Jobe\LED
#        Driver_v2\prog\EWARM\prog\Obj\flash_spi.o" "D:\Radio\Jobe\LED
#        Driver_v2\prog\EWARM\prog\Obj\freertos.o" "D:\Radio\Jobe\LED
#        Driver_v2\prog\EWARM\prog\Obj\gpio.o" "D:\Radio\Jobe\LED
#        Driver_v2\prog\EWARM\prog\Obj\heap_4.o" "D:\Radio\Jobe\LED
#        Driver_v2\prog\EWARM\prog\Obj\list.o" "D:\Radio\Jobe\LED
#        Driver_v2\prog\EWARM\prog\Obj\main.o" "D:\Radio\Jobe\LED
#        Driver_v2\prog\EWARM\prog\Obj\mb.o" "D:\Radio\Jobe\LED
#        Driver_v2\prog\EWARM\prog\Obj\mbcrc.o" "D:\Radio\Jobe\LED
#        Driver_v2\prog\EWARM\prog\Obj\mbfunccoils.o" "D:\Radio\Jobe\LED
#        Driver_v2\prog\EWARM\prog\Obj\mbfuncdiag.o" "D:\Radio\Jobe\LED
#        Driver_v2\prog\EWARM\prog\Obj\mbfuncdisc.o" "D:\Radio\Jobe\LED
#        Driver_v2\prog\EWARM\prog\Obj\mbfuncholding.o" "D:\Radio\Jobe\LED
#        Driver_v2\prog\EWARM\prog\Obj\mbfuncinput.o" "D:\Radio\Jobe\LED
#        Driver_v2\prog\EWARM\prog\Obj\mbfuncother.o" "D:\Radio\Jobe\LED
#        Driver_v2\prog\EWARM\prog\Obj\mbrtu.o" "D:\Radio\Jobe\LED
#        Driver_v2\prog\EWARM\prog\Obj\mbutils.o" "D:\Radio\Jobe\LED
#        Driver_v2\prog\EWARM\prog\Obj\port.o" "D:\Radio\Jobe\LED
#        Driver_v2\prog\EWARM\prog\Obj\portasm.o" "D:\Radio\Jobe\LED
#        Driver_v2\prog\EWARM\prog\Obj\portevent.o" "D:\Radio\Jobe\LED
#        Driver_v2\prog\EWARM\prog\Obj\portserial.o" "D:\Radio\Jobe\LED
#        Driver_v2\prog\EWARM\prog\Obj\porttimer.o" "D:\Radio\Jobe\LED
#        Driver_v2\prog\EWARM\prog\Obj\queue.o" "D:\Radio\Jobe\LED
#        Driver_v2\prog\EWARM\prog\Obj\spi.o" "D:\Radio\Jobe\LED
#        Driver_v2\prog\EWARM\prog\Obj\startup_stm32f303xc.o"
#        "D:\Radio\Jobe\LED Driver_v2\prog\EWARM\prog\Obj\stm32f3xx_hal.o"
#        "D:\Radio\Jobe\LED Driver_v2\prog\EWARM\prog\Obj\stm32f3xx_hal_adc.o"
#        "D:\Radio\Jobe\LED
#        Driver_v2\prog\EWARM\prog\Obj\stm32f3xx_hal_adc_ex.o"
#        "D:\Radio\Jobe\LED
#        Driver_v2\prog\EWARM\prog\Obj\stm32f3xx_hal_cortex.o"
#        "D:\Radio\Jobe\LED Driver_v2\prog\EWARM\prog\Obj\stm32f3xx_hal_dma.o"
#        "D:\Radio\Jobe\LED Driver_v2\prog\EWARM\prog\Obj\stm32f3xx_hal_exti.o"
#        "D:\Radio\Jobe\LED
#        Driver_v2\prog\EWARM\prog\Obj\stm32f3xx_hal_flash.o"
#        "D:\Radio\Jobe\LED
#        Driver_v2\prog\EWARM\prog\Obj\stm32f3xx_hal_flash_ex.o"
#        "D:\Radio\Jobe\LED Driver_v2\prog\EWARM\prog\Obj\stm32f3xx_hal_gpio.o"
#        "D:\Radio\Jobe\LED Driver_v2\prog\EWARM\prog\Obj\stm32f3xx_hal_i2c.o"
#        "D:\Radio\Jobe\LED
#        Driver_v2\prog\EWARM\prog\Obj\stm32f3xx_hal_i2c_ex.o"
#        "D:\Radio\Jobe\LED Driver_v2\prog\EWARM\prog\Obj\stm32f3xx_hal_msp.o"
#        "D:\Radio\Jobe\LED Driver_v2\prog\EWARM\prog\Obj\stm32f3xx_hal_pwr.o"
#        "D:\Radio\Jobe\LED
#        Driver_v2\prog\EWARM\prog\Obj\stm32f3xx_hal_pwr_ex.o"
#        "D:\Radio\Jobe\LED Driver_v2\prog\EWARM\prog\Obj\stm32f3xx_hal_rcc.o"
#        "D:\Radio\Jobe\LED
#        Driver_v2\prog\EWARM\prog\Obj\stm32f3xx_hal_rcc_ex.o"
#        "D:\Radio\Jobe\LED Driver_v2\prog\EWARM\prog\Obj\stm32f3xx_hal_spi.o"
#        "D:\Radio\Jobe\LED
#        Driver_v2\prog\EWARM\prog\Obj\stm32f3xx_hal_spi_ex.o"
#        "D:\Radio\Jobe\LED Driver_v2\prog\EWARM\prog\Obj\stm32f3xx_hal_tim.o"
#        "D:\Radio\Jobe\LED
#        Driver_v2\prog\EWARM\prog\Obj\stm32f3xx_hal_tim_ex.o"
#        "D:\Radio\Jobe\LED
#        Driver_v2\prog\EWARM\prog\Obj\stm32f3xx_hal_timebase_tim.o"
#        "D:\Radio\Jobe\LED Driver_v2\prog\EWARM\prog\Obj\stm32f3xx_hal_uart.o"
#        "D:\Radio\Jobe\LED
#        Driver_v2\prog\EWARM\prog\Obj\stm32f3xx_hal_uart_ex.o"
#        "D:\Radio\Jobe\LED Driver_v2\prog\EWARM\prog\Obj\stm32f3xx_it.o"
#        "D:\Radio\Jobe\LED Driver_v2\prog\EWARM\prog\Obj\stream_buffer.o"
#        "D:\Radio\Jobe\LED Driver_v2\prog\EWARM\prog\Obj\system_stm32f3xx.o"
#        "D:\Radio\Jobe\LED Driver_v2\prog\EWARM\prog\Obj\tasks.o"
#        "D:\Radio\Jobe\LED Driver_v2\prog\EWARM\prog\Obj\tim.o"
#        "D:\Radio\Jobe\LED Driver_v2\prog\EWARM\prog\Obj\timers.o"
#        "D:\Radio\Jobe\LED Driver_v2\prog\EWARM\prog\Obj\usart.o" --redirect
#        _Printf=_PrintfFull --redirect _Scanf=_ScanfFull --no_out_extension -o
#        "D:\Radio\Jobe\LED Driver_v2\prog\EWARM\prog\Exe\prog.out" --map
#        "D:\Radio\Jobe\LED Driver_v2\prog\EWARM\prog\List\prog.map" --config
#        "D:\Radio\Jobe\LED Driver_v2\prog\EWARM/stm32f303xc_flash.icf"
#        --semihosting --entry __iar_program_start --vfe --text_out locale)
#
###############################################################################

*******************************************************************************
*** RUNTIME MODEL ATTRIBUTES
***

CppFlavor        = *
__CPP_Exceptions = Disabled
__CPP_Language   = C++14
__SystemLibrary  = DLib
__dlib_version   = 6


*******************************************************************************
*** HEAP SELECTION
***

The basic heap was selected because no calls to memory allocation
functions were found in the application outside of system library
functions, and there are calls to deallocation functions in the
application.


*******************************************************************************
*** PLACEMENT SUMMARY
***

"A0":  place at address 0x800'0000 { ro section .intvec };
"P1":  place in [from 0x800'0000 to 0x803'ffff] { ro };
define block CSTACK with size = 2K, alignment = 8 { };
define block HEAP with size = 1K, alignment = 8 { };
"P2":  place in [from 0x2000'0000 to 0x2000'9fff] {
          rw, block CSTACK, block HEAP };
initialize by copy { rw };

  Section            Kind         Address    Size  Object
  -------            ----         -------    ----  ------
"A0":                                       0x188
  .intvec            ro code   0x800'0000   0x188  startup_stm32f303xc.o [1]
                             - 0x800'0188   0x188

"P1":                                      0x6dd7
  .text              ro code   0x800'0188   0xb44  tim.o [1]
  .text              ro code   0x800'0ccc    0x14  memset.o [4]
  .text              ro code   0x800'0ce0   0x84c  stm32f3xx_hal_tim.o [1]
  .text              ro code   0x800'152c   0x1a0  main.o [1]
  .text              ro code   0x800'16cc   0x138  stm32f3xx_hal_tim_ex.o [1]
  .text              ro code   0x800'1804   0x1e0  stm32f3xx_hal_gpio.o [1]
  .text              ro code   0x800'19e4    0x66  ABImemset.o [4]
  .text              ro code   0x800'1a4a     0x2  stm32f3xx_hal_tim.o [1]
  .text              ro code   0x800'1a4c     0x2  stm32f3xx_hal_tim.o [1]
  .text              ro code   0x800'1a4e     0x2  stm32f3xx_hal_tim.o [1]
  .text              ro code   0x800'1a50     0x2  stm32f3xx_hal_tim_ex.o [1]
  .text              ro code   0x800'1a52     0x2  stm32f3xx_hal_tim_ex.o [1]
  .text              ro code   0x800'1a54     0x2  stm32f3xx_hal_tim.o [1]
  .text              ro code   0x800'1a56     0x2  stm32f3xx_hal_tim_ex.o [1]
  .text              ro code   0x800'1a58    0x24  stm32f3xx_hal.o [1]
  .text              ro code   0x800'1a7c   0x12c  gpio.o [1]
  .text              ro code   0x800'1ba8   0x384  adc.o [1]
  .text              ro code   0x800'1f2c   0x160  usart.o [1]
  .text              ro code   0x800'208c   0x174  spi.o [1]
  .text              ro code   0x800'2200   0x118  flash_spi.o [1]
  .text              ro code   0x800'2318    0xa6  ABImemcpy.o [4]
  .text              ro code   0x800'23be    0x3a  zero_init3.o [4]
  .text              ro code   0x800'23f8   0x124  freertos.o [1]
  .text              ro code   0x800'251c    0x94  cmsis_os.o [1]
  .text              ro code   0x800'25b0   0x95c  stm32f3xx_hal_rcc.o [1]
  .text              ro code   0x800'2f0c   0x250  stm32f3xx_hal_rcc_ex.o [1]
  .text              ro code   0x800'315c    0x18  stm32f3xx_hal.o [1]
  .text              ro code   0x800'3174    0xe8  stm32f3xx_hal_cortex.o [1]
  .text              ro code   0x800'325c    0x80  stm32f3xx_hal_timebase_tim.o [1]
  .text              ro code   0x800'32dc    0x40  stm32f3xx_hal_msp.o [1]
  .text              ro code   0x800'331c   0x940  stm32f3xx_hal_adc_ex.o [1]
  .text              ro code   0x800'3c5c    0x92  stm32f3xx_hal_uart_ex.o [1]
  .rodata            const     0x800'3cee     0x1  unwind_debug.o [5]
  .text              ro code   0x800'3cf0   0x8b8  stm32f3xx_hal_uart.o [1]
  .text              ro code   0x800'45a8   0x9d8  stm32f3xx_hal_spi.o [1]
  .text              ro code   0x800'4f80   0x200  mb.o [1]
  .text              ro code   0x800'5180   0x770  tasks.o [1]
  .text              ro code   0x800'58f0     0xc  stm32f3xx_hal.o [1]
  .text              ro code   0x800'58fc    0x9a  stm32f3xx_hal_dma.o [1]
  .text              ro code   0x800'5996     0x2  stm32f3xx_hal_uart.o [1]
  .text              ro code   0x800'5998     0x2  stm32f3xx_hal_uart.o [1]
  .text              ro code   0x800'599a     0x2  stm32f3xx_hal_uart.o [1]
  .text              ro code   0x800'599c   0x2c4  mbrtu.o [1]
  .text              ro code   0x800'5c60    0x3c  portevent.o [1]
  .text              ro code   0x800'5c9c   0x260  heap_4.o [1]
  .text              ro code   0x800'5efc    0x98  list.o [1]
  .text              ro code   0x800'5f94   0x204  port.o [1]
  .text              ro code   0x800'6198    0xf4  portserial.o [1]
  .text              ro code   0x800'628c    0x80  porttimer.o [1]
  .text              ro code   0x800'630c    0x24  ABIassert.o [5]
  .text              ro code   0x800'6330    0x40  mbcrc.o [1]
  CODE               ro code   0x800'6370    0xb0  portasm.o [1]
  .text              ro code   0x800'6420     0x6  abort.o [2]
  .text              ro code   0x800'6428    0x14  exit.o [5]
  .text              ro code   0x800'643c   0x21c  mbfuncholding.o [1]
  .text              ro code   0x800'6658    0x22  mbutils.o [1]
  .text              ro code   0x800'667a   0x198  mbfunccoils.o [1]
  .rodata            const     0x800'6814   0x100  mbcrc.o [1]
  .rodata            const     0x800'6914   0x100  mbcrc.o [1]
  .text              ro code   0x800'6a14    0x9c  mbfuncdisc.o [1]
  .text              ro code   0x800'6ab0    0x86  mbfuncinput.o [1]
  .rodata            const     0x800'6b38    0x64  mbrtu.o [1]
  .rodata            const     0x800'6b9c    0x4c  mbrtu.o [1]
  .text              ro code   0x800'6be8    0x38  packbits_init_single.o [4]
  .text              ro code   0x800'6c20    0x28  stm32f3xx_it.o [1]
  .text              ro code   0x800'6c48    0x28  data_init.o [4]
  .text              ro code   0x800'6c70    0x24  mbfuncother.o [1]
  .text              ro code   0x800'6c94    0x22  fpinit_M.o [3]
  .iar.init_table    const     0x800'6cb8    0x20  - Linker created -
  .text              ro code   0x800'6cd8    0x1e  cmain.o [4]
  .text              ro code   0x800'6cf6     0x4  low_level_init.o [2]
  .text              ro code   0x800'6cfa     0x4  exit.o [2]
  .text              ro code   0x800'6d00     0xa  cexit.o [4]
  .rodata            const     0x800'6d0c    0x1c  mbrtu.o [1]
  .rodata            const     0x800'6d28    0x1c  mbrtu.o [1]
  .text              ro code   0x800'6d44    0x1c  system_stm32f3xx.o [1]
  .rodata            const     0x800'6d60    0x18  mbrtu.o [1]
  .rodata            const     0x800'6d78    0x10  stm32f3xx_hal_rcc.o [1]
  .rodata            const     0x800'6d88    0x10  stm32f3xx_hal_rcc.o [1]
  .rodata            const     0x800'6d98    0x10  system_stm32f3xx.o [1]
  .text              ro code   0x800'6da8    0x10  startup_stm32f303xc.o [1]
  .rodata            const     0x800'6db8     0xc  freertos.o [1]
  .rodata            const     0x800'6dc4     0xc  freertos.o [1]
  .text              ro code   0x800'6dd0     0xc  cstartup_M.o [4]
  .rodata            const     0x800'6ddc     0x8  system_stm32f3xx.o [1]
  .rodata            const     0x800'6de4     0x8  tasks.o [1]
  .rodata            const     0x800'6dec     0x4  flash_spi.o [1]
  .rodata            const     0x800'6df0     0x4  flash_spi.o [1]
  .rodata            const     0x800'6df4     0x4  heap_4.o [1]
  .text              ro code   0x800'6df8     0x4  startup_stm32f303xc.o [1]
  .text              ro code   0x800'6dfc     0x4  startup_stm32f303xc.o [1]
  .text              ro code   0x800'6e00     0x4  startup_stm32f303xc.o [1]
  .text              ro code   0x800'6e04     0x4  startup_stm32f303xc.o [1]
  .text              ro code   0x800'6e08     0x4  startup_stm32f303xc.o [1]
  .text              ro code   0x800'6e0c     0x4  startup_stm32f303xc.o [1]
  .text              ro code   0x800'6e10     0x4  startup_stm32f303xc.o [1]
  .text              ro code   0x800'6e14     0x4  startup_stm32f303xc.o [1]
  .text              ro code   0x800'6e18     0x4  startup_stm32f303xc.o [1]
  .text              ro code   0x800'6e1c     0x4  startup_stm32f303xc.o [1]
  .text              ro code   0x800'6e20     0x4  startup_stm32f303xc.o [1]
  .text              ro code   0x800'6e24     0x4  startup_stm32f303xc.o [1]
  .text              ro code   0x800'6e28     0x4  startup_stm32f303xc.o [1]
  .text              ro code   0x800'6e2c     0x4  startup_stm32f303xc.o [1]
  .text              ro code   0x800'6e30     0x4  startup_stm32f303xc.o [1]
  .text              ro code   0x800'6e34     0x4  startup_stm32f303xc.o [1]
  .text              ro code   0x800'6e38     0x4  startup_stm32f303xc.o [1]
  .text              ro code   0x800'6e3c     0x4  startup_stm32f303xc.o [1]
  .text              ro code   0x800'6e40     0x4  startup_stm32f303xc.o [1]
  .text              ro code   0x800'6e44     0x4  startup_stm32f303xc.o [1]
  .text              ro code   0x800'6e48     0x4  startup_stm32f303xc.o [1]
  .text              ro code   0x800'6e4c     0x4  startup_stm32f303xc.o [1]
  .text              ro code   0x800'6e50     0x4  startup_stm32f303xc.o [1]
  .text              ro code   0x800'6e54     0x4  startup_stm32f303xc.o [1]
  .text              ro code   0x800'6e58     0x4  startup_stm32f303xc.o [1]
  .text              ro code   0x800'6e5c     0x4  startup_stm32f303xc.o [1]
  .text              ro code   0x800'6e60     0x4  startup_stm32f303xc.o [1]
  .text              ro code   0x800'6e64     0x4  startup_stm32f303xc.o [1]
  .text              ro code   0x800'6e68     0x4  startup_stm32f303xc.o [1]
  .text              ro code   0x800'6e6c     0x4  startup_stm32f303xc.o [1]
  .text              ro code   0x800'6e70     0x4  startup_stm32f303xc.o [1]
  .text              ro code   0x800'6e74     0x4  startup_stm32f303xc.o [1]
  .text              ro code   0x800'6e78     0x4  startup_stm32f303xc.o [1]
  .text              ro code   0x800'6e7c     0x4  startup_stm32f303xc.o [1]
  .text              ro code   0x800'6e80     0x4  startup_stm32f303xc.o [1]
  .text              ro code   0x800'6e84     0x4  startup_stm32f303xc.o [1]
  .text              ro code   0x800'6e88     0x4  startup_stm32f303xc.o [1]
  .text              ro code   0x800'6e8c     0x4  startup_stm32f303xc.o [1]
  .text              ro code   0x800'6e90     0x4  startup_stm32f303xc.o [1]
  .text              ro code   0x800'6e94     0x4  startup_stm32f303xc.o [1]
  .text              ro code   0x800'6e98     0x4  startup_stm32f303xc.o [1]
  .text              ro code   0x800'6e9c     0x4  startup_stm32f303xc.o [1]
  .text              ro code   0x800'6ea0     0x4  startup_stm32f303xc.o [1]
  .text              ro code   0x800'6ea4     0x4  startup_stm32f303xc.o [1]
  .text              ro code   0x800'6ea8     0x4  startup_stm32f303xc.o [1]
  .text              ro code   0x800'6eac     0x4  startup_stm32f303xc.o [1]
  .text              ro code   0x800'6eb0     0x4  startup_stm32f303xc.o [1]
  .text              ro code   0x800'6eb4     0x4  startup_stm32f303xc.o [1]
  .text              ro code   0x800'6eb8     0x4  startup_stm32f303xc.o [1]
  .text              ro code   0x800'6ebc     0x4  startup_stm32f303xc.o [1]
  .text              ro code   0x800'6ec0     0x4  startup_stm32f303xc.o [1]
  .text              ro code   0x800'6ec4     0x4  startup_stm32f303xc.o [1]
  .text              ro code   0x800'6ec8     0x4  startup_stm32f303xc.o [1]
  .text              ro code   0x800'6ecc     0x4  startup_stm32f303xc.o [1]
  .text              ro code   0x800'6ed0     0x4  startup_stm32f303xc.o [1]
  .text              ro code   0x800'6ed4     0x4  startup_stm32f303xc.o [1]
  .text              ro code   0x800'6ed8     0x4  startup_stm32f303xc.o [1]
  .text              ro code   0x800'6edc     0x4  startup_stm32f303xc.o [1]
  .text              ro code   0x800'6ee0     0x4  startup_stm32f303xc.o [1]
  .text              ro code   0x800'6ee4     0x4  startup_stm32f303xc.o [1]
  .text              ro code   0x800'6ee8     0x4  startup_stm32f303xc.o [1]
  .text              ro code   0x800'6eec     0x4  startup_stm32f303xc.o [1]
  .text              ro code   0x800'6ef0     0x4  startup_stm32f303xc.o [1]
  .text              ro code   0x800'6ef4     0x4  startup_stm32f303xc.o [1]
  .rodata            const     0x800'6ef8     0x0  zero_init3.o [4]
  .rodata            const     0x800'6ef8     0x0  packbits_init_single.o [4]
  Initializer bytes  const     0x800'6ef8    0x67  <for P2-1>
                             - 0x800'6f5f  0x6dd7

"P2", part 1 of 3:                           0x96
  P2-1                        0x2000'0000    0x96  <Init block>
    .data            inited   0x2000'0000     0x4  freertos.o [1]
    .data            inited   0x2000'0004    0x80  mb.o [1]
    .data            inited   0x2000'0084     0x4  port.o [1]
    .data            inited   0x2000'0088     0x4  portserial.o [1]
    .data            inited   0x2000'008c     0x4  stm32f3xx_hal.o [1]
    .data            inited   0x2000'0090     0x4  system_stm32f3xx.o [1]
    .data            inited   0x2000'0094     0x1  mb.o [1]
    .data            inited   0x2000'0095     0x1  stm32f3xx_hal.o [1]
                            - 0x2000'0096    0x96

"P2", part 2 of 3:                         0x5c64
  .bss               zero     0x2000'0098  0x5000  heap_4.o [1]
  .bss               zero     0x2000'5098   0x254  freertos.o [1]
  .bss               zero     0x2000'52ec   0x1a0  main.o [1]
  .bss               zero     0x2000'548c   0x100  mbrtu.o [1]
  .bss               zero     0x2000'558c    0x8c  tasks.o [1]
  .bss               zero     0x2000'5618    0x84  usart.o [1]
  .bss               zero     0x2000'569c    0x84  usart.o [1]
  .bss               zero     0x2000'5720    0x64  spi.o [1]
  .bss               zero     0x2000'5784    0x64  spi.o [1]
  .bss               zero     0x2000'57e8    0x50  adc.o [1]
  .bss               zero     0x2000'5838    0x50  adc.o [1]
  .bss               zero     0x2000'5888    0x50  adc.o [1]
  .bss               zero     0x2000'58d8    0x4c  stm32f3xx_hal_timebase_tim.o [1]
  .bss               zero     0x2000'5924    0x4c  tim.o [1]
  .bss               zero     0x2000'5970    0x4c  tim.o [1]
  .bss               zero     0x2000'59bc    0x4c  tim.o [1]
  .bss               zero     0x2000'5a08    0x4c  tim.o [1]
  .bss               zero     0x2000'5a54    0x4c  tim.o [1]
  .bss               zero     0x2000'5aa0    0x4c  tim.o [1]
  .bss               zero     0x2000'5aec    0x4c  tim.o [1]
  .bss               zero     0x2000'5b38    0x4c  tim.o [1]
  .bss               zero     0x2000'5b84    0x4c  tim.o [1]
  .bss               zero     0x2000'5bd0    0x20  mbfuncother.o [1]
  .bss               zero     0x2000'5bf0    0x14  tasks.o [1]
  .bss               zero     0x2000'5c04    0x14  tasks.o [1]
  .bss               zero     0x2000'5c18    0x14  tasks.o [1]
  .bss               zero     0x2000'5c2c    0x14  tasks.o [1]
  .bss               zero     0x2000'5c40    0x14  tasks.o [1]
  .bss               zero     0x2000'5c54     0x8  freertos.o [1]
  .bss               zero     0x2000'5c5c     0x8  heap_4.o [1]
  .bss               zero     0x2000'5c64     0x4  adc.o [1]
  .bss               zero     0x2000'5c68     0x4  heap_4.o [1]
  .bss               zero     0x2000'5c6c     0x4  heap_4.o [1]
  .bss               zero     0x2000'5c70     0x4  heap_4.o [1]
  .bss               zero     0x2000'5c74     0x4  heap_4.o [1]
  .bss               zero     0x2000'5c78     0x4  mb.o [1]
  .bss               zero     0x2000'5c7c     0x4  mb.o [1]
  .bss               zero     0x2000'5c80     0x4  mb.o [1]
  .bss               zero     0x2000'5c84     0x4  mb.o [1]
  .bss               zero     0x2000'5c88     0x4  mb.o [1]
  .bss               zero     0x2000'5c8c     0x4  mb.o [1]
  .bss               zero     0x2000'5c90     0x4  mb.o [1]
  .bss               zero     0x2000'5c94     0x4  mb.o [1]
  .bss               zero     0x2000'5c98     0x4  mb.o [1]
  .bss               zero     0x2000'5c9c     0x4  mbrtu.o [1]
  .bss               zero     0x2000'5ca0     0x4  port.o [1]
  .bss               zero     0x2000'5ca4     0x4  stm32f3xx_hal.o [1]
  .bss               zero     0x2000'5ca8     0x4  tasks.o [1]
  .bss               zero     0x2000'5cac     0x4  tasks.o [1]
  .bss               zero     0x2000'5cb0     0x4  tasks.o [1]
  .bss               zero     0x2000'5cb4     0x4  tasks.o [1]
  .bss               zero     0x2000'5cb8     0x4  tasks.o [1]
  .bss               zero     0x2000'5cbc     0x4  tasks.o [1]
  .bss               zero     0x2000'5cc0     0x4  tasks.o [1]
  .bss               zero     0x2000'5cc4     0x4  tasks.o [1]
  .bss               zero     0x2000'5cc8     0x4  tasks.o [1]
  .bss               zero     0x2000'5ccc     0x4  tasks.o [1]
  .bss               zero     0x2000'5cd0     0x4  tasks.o [1]
  .bss               zero     0x2000'5cd4     0x4  tasks.o [1]
  .bss               zero     0x2000'5cd8     0x4  tasks.o [1]
  .bss               zero     0x2000'5cdc     0x4  tasks.o [1]
  .bss               zero     0x2000'5ce0     0x4  tasks.o [1]
  .bss               zero     0x2000'5ce4     0x2  mb.o [1]
  .bss               zero     0x2000'5ce6     0x2  mbfuncother.o [1]
  .bss               zero     0x2000'5ce8     0x2  mbrtu.o [1]
  .bss               zero     0x2000'5cea     0x2  mbrtu.o [1]
  .bss               zero     0x2000'5cec     0x2  porttimer.o [1]
  .bss               zero     0x2000'5cee     0x2  porttimer.o [1]
  .bss               zero     0x2000'5cf0     0x1  mb.o [1]
  .bss               zero     0x2000'5cf1     0x1  mb.o [1]
  .bss               zero     0x2000'5cf2     0x1  mb.o [1]
  .bss               zero     0x2000'5cf3     0x1  mb.o [1]
  .bss               zero     0x2000'5cf4     0x1  mb.o [1]
  .bss               zero     0x2000'5cf5     0x1  mbrtu.o [1]
  .bss               zero     0x2000'5cf6     0x1  mbrtu.o [1]
  .bss               zero     0x2000'5cf7     0x1  port.o [1]
  .bss               zero     0x2000'5cf8     0x1  portevent.o [1]
  .bss               zero     0x2000'5cf9     0x1  portevent.o [1]
                            - 0x2000'5cfa  0x5c62

"P2", part 3 of 3:                          0x800
  CSTACK                      0x2000'5d00   0x800  <Block>
    CSTACK           uninit   0x2000'5d00   0x800  <Block tail>
                            - 0x2000'6500   0x800

Unused ranges:

         From           To      Size
         ----           --      ----
   0x800'6f5f   0x803'ffff  0x3'90a1
  0x2000'0096  0x2000'0097       0x2
  0x2000'5cfc  0x2000'5cff       0x4
  0x2000'6500  0x2000'9fff    0x3b00


*******************************************************************************
*** INIT TABLE
***

          Address      Size
          -------      ----
Zero (__iar_zero_init3)
    1 destination range, total size 0x5c62:
          0x2000'0098  0x5c62

Copy/packbits (__iar_packbits_init_single3)
    1 source range, total size 0x67 (68% of destination):
           0x800'6ef8    0x67
    1 destination range, total size 0x96:
          0x2000'0000    0x96



*******************************************************************************
*** MODULE SUMMARY
***

    Module                        ro code  ro data  rw data
    ------                        -------  -------  -------
command line/config:
    -------------------------------------------------------
    Total:

D:\Radio\Jobe\LED Driver_v2\prog\EWARM\prog\Obj: [1]
    adc.o                             900               244
    cmsis_os.o                        148
    flash_spi.o                       280        8
    freertos.o                        292       26      608
    gpio.o                            300
    heap_4.o                          608        4   20'504
    list.o                            152
    main.o                            416               416
    mb.o                              512       89      172
    mbcrc.o                            64      512
    mbfunccoils.o                     408
    mbfuncdisc.o                      156
    mbfuncholding.o                   540
    mbfuncinput.o                     134
    mbfuncother.o                      36                34
    mbrtu.o                           708      256      266
    mbutils.o                          34
    port.o                            516        3        9
    portasm.o                         176
    portevent.o                        60                 2
    portserial.o                      244        3        4
    porttimer.o                       128                 4
    spi.o                             372               200
    startup_stm32f303xc.o             664
    stm32f3xx_hal.o                    72        3        9
    stm32f3xx_hal_adc_ex.o          2'368
    stm32f3xx_hal_cortex.o            232
    stm32f3xx_hal_dma.o               154
    stm32f3xx_hal_gpio.o              480
    stm32f3xx_hal_msp.o                64
    stm32f3xx_hal_rcc.o             2'396       32
    stm32f3xx_hal_rcc_ex.o            592
    stm32f3xx_hal_spi.o             2'520
    stm32f3xx_hal_tim.o             2'132
    stm32f3xx_hal_tim_ex.o            318
    stm32f3xx_hal_timebase_tim.o      128                76
    stm32f3xx_hal_uart.o            2'238
    stm32f3xx_hal_uart_ex.o           146
    stm32f3xx_it.o                     40
    system_stm32f3xx.o                 28       27        4
    tasks.o                         1'904        8      300
    tim.o                           2'884               684
    usart.o                           352               264
    -------------------------------------------------------
    Total:                         26'896      971   23'800

dl7M_tlf.a: [2]
    abort.o                             6
    exit.o                              4
    low_level_init.o                    4
    -------------------------------------------------------
    Total:                             14

m7M_tls.a: [3]
    fpinit_M.o                         34
    -------------------------------------------------------
    Total:                             34

rt7M_tl.a: [4]
    ABImemcpy.o                       166
    ABImemset.o                       102
    cexit.o                            10
    cmain.o                            30
    cstartup_M.o                       12
    data_init.o                        40
    memset.o                           20
    packbits_init_single.o             56
    zero_init3.o                       58
    -------------------------------------------------------
    Total:                            494

shb_l.a: [5]
    ABIassert.o                        36
    exit.o                             20
    unwind_debug.o                               1
    -------------------------------------------------------
    Total:                             56        1

    Gaps                                5        8
    Linker created                              32    2'048
-----------------------------------------------------------
    Grand Total:                   27'499    1'012   25'848


*******************************************************************************
*** ENTRY LIST
***

Entry                       Address    Size  Type      Object
-----                       -------    ----  ----      ------
.iar.init_table$$Base    0x800'6cb8           --   Gb  - Linker created -
.iar.init_table$$Limit   0x800'6cd8           --   Gb  - Linker created -
?main                    0x800'6cd9          Code  Gb  cmain.o [4]
ADC_Disable              0x800'3bc1    0x84  Code  Lc  stm32f3xx_hal_adc_ex.o [1]
AHBPrescTable            0x800'6d98    0x10  Data  Gb  system_stm32f3xx.o [1]
APBPrescTable            0x800'6ddc     0x8  Data  Gb  system_stm32f3xx.o [1]
BusFault_Handler         0x800'6c27     0x2  Code  Gb  stm32f3xx_it.o [1]
CSTACK$$Base            0x2000'5d00           --   Gb  - Linker created -
CSTACK$$Limit           0x2000'6500           --   Gb  - Linker created -
DebugMon_Handler         0x800'6c2b     0x2  Code  Gb  stm32f3xx_it.o [1]
Error_Handler            0x800'16b1     0x2  Code  Gb  main.o [1]
FlashP                  0x2000'5488     0x4  Data  Gb  main.o [1]
HAL_ADCEx_MultiModeConfigChannel
                         0x800'3a4d   0x166  Code  Gb  stm32f3xx_hal_adc_ex.o [1]
HAL_ADC_ConfigChannel    0x800'3611   0x42e  Code  Gb  stm32f3xx_hal_adc_ex.o [1]
HAL_ADC_Init             0x800'331d   0x2d0  Code  Gb  stm32f3xx_hal_adc_ex.o [1]
HAL_ADC_MspInit          0x800'1d5d   0x1a0  Code  Gb  adc.o [1]
HAL_DMA_Abort            0x800'58fd    0x48  Code  Gb  stm32f3xx_hal_dma.o [1]
HAL_DMA_Abort_IT         0x800'5945    0x52  Code  Gb  stm32f3xx_hal_dma.o [1]
HAL_GPIO_Init            0x800'1805   0x1a6  Code  Gb  stm32f3xx_hal_gpio.o [1]
HAL_GPIO_WritePin        0x800'19ab    0x12  Code  Gb  stm32f3xx_hal_gpio.o [1]
HAL_GetTick              0x800'58f1     0xc  Code  Wk  stm32f3xx_hal.o [1]
HAL_IncTick              0x800'315d    0x18  Code  Wk  stm32f3xx_hal.o [1]
HAL_Init                 0x800'1a59    0x20  Code  Gb  stm32f3xx_hal.o [1]
HAL_InitTick             0x800'325d    0x70  Code  Gb  stm32f3xx_hal_timebase_tim.o [1]
HAL_MspInit              0x800'32dd    0x40  Code  Gb  stm32f3xx_hal_msp.o [1]
HAL_NVIC_EnableIRQ       0x800'323f     0xa  Code  Gb  stm32f3xx_hal_cortex.o [1]
HAL_NVIC_SetPriority     0x800'321d    0x22  Code  Gb  stm32f3xx_hal_cortex.o [1]
HAL_NVIC_SetPriorityGrouping
                         0x800'3215     0x8  Code  Gb  stm32f3xx_hal_cortex.o [1]
HAL_RCCEx_PeriphCLKConfig
                         0x800'2f0d   0x230  Code  Gb  stm32f3xx_hal_rcc_ex.o [1]
HAL_RCC_ADC12_CLK_ENABLED
                        0x2000'5c64     0x4  Data  Lc  adc.o [1]
HAL_RCC_ClockConfig      0x800'2c25   0x1bc  Code  Gb  stm32f3xx_hal_rcc.o [1]
HAL_RCC_GetClockConfig   0x800'2e8f    0x34  Code  Gb  stm32f3xx_hal_rcc.o [1]
HAL_RCC_GetHCLKFreq      0x800'2e49     0x6  Code  Gb  stm32f3xx_hal_rcc.o [1]
HAL_RCC_GetPCLK1Freq     0x800'2e4f    0x20  Code  Gb  stm32f3xx_hal_rcc.o [1]
HAL_RCC_GetPCLK2Freq     0x800'2e6f    0x20  Code  Gb  stm32f3xx_hal_rcc.o [1]
HAL_RCC_GetSysClockFreq
                         0x800'2de1    0x68  Code  Gb  stm32f3xx_hal_rcc.o [1]
HAL_RCC_OscConfig        0x800'25b1   0x674  Code  Gb  stm32f3xx_hal_rcc.o [1]
HAL_RS485Ex_Init         0x800'3c5d    0x90  Code  Gb  stm32f3xx_hal_uart_ex.o [1]
HAL_SPI_Init             0x800'45a9   0x104  Code  Gb  stm32f3xx_hal_spi.o [1]
HAL_SPI_MspInit          0x800'212d    0xb0  Code  Gb  spi.o [1]
HAL_SPI_Receive          0x800'4895   0x1a2  Code  Gb  stm32f3xx_hal_spi.o [1]
HAL_SPI_Transmit         0x800'46ad   0x1e8  Code  Gb  stm32f3xx_hal_spi.o [1]
HAL_SPI_TransmitReceive
                         0x800'4a37   0x2b2  Code  Gb  stm32f3xx_hal_spi.o [1]
HAL_TIMEx_Break2Callback
                         0x800'1a53     0x2  Code  Wk  stm32f3xx_hal_tim_ex.o [1]
HAL_TIMEx_BreakCallback
                         0x800'1a51     0x2  Code  Wk  stm32f3xx_hal_tim_ex.o [1]
HAL_TIMEx_CommutCallback
                         0x800'1a57     0x2  Code  Wk  stm32f3xx_hal_tim_ex.o [1]
HAL_TIMEx_ConfigBreakDeadTime
                         0x800'175f    0x92  Code  Gb  stm32f3xx_hal_tim_ex.o [1]
HAL_TIMEx_MasterConfigSynchronization
                         0x800'16cd    0x92  Code  Gb  stm32f3xx_hal_tim_ex.o [1]
HAL_TIM_Base_Init        0x800'0ce1    0x7a  Code  Gb  stm32f3xx_hal_tim.o [1]
HAL_TIM_Base_MspInit     0x800'097d    0x6a  Code  Gb  tim.o [1]
HAL_TIM_Base_Start_IT    0x800'0d5b    0x8a  Code  Gb  stm32f3xx_hal_tim.o [1]
HAL_TIM_Base_Stop_IT     0x800'0de5    0x3a  Code  Gb  stm32f3xx_hal_tim.o [1]
HAL_TIM_IRQHandler       0x800'0eb3   0x194  Code  Gb  stm32f3xx_hal_tim.o [1]
HAL_TIM_MspPostInit      0x800'09e7   0x282  Code  Gb  tim.o [1]
HAL_TIM_PWM_ConfigChannel
                         0x800'1047   0x156  Code  Gb  stm32f3xx_hal_tim.o [1]
HAL_TIM_PWM_Init         0x800'0e39    0x7a  Code  Gb  stm32f3xx_hal_tim.o [1]
HAL_TIM_PWM_MspInit      0x800'08af    0xce  Code  Gb  tim.o [1]
HAL_TIM_PeriodElapsedCallback
                         0x800'1695     0xe  Code  Gb  main.o [1]
HAL_UARTEx_WakeupCallback
                         0x800'3ced     0x2  Code  Wk  stm32f3xx_hal_uart_ex.o [1]
HAL_UART_IRQHandler      0x800'3e3b   0x294  Code  Gb  stm32f3xx_hal_uart.o [1]
HAL_UART_Init            0x800'3cf1    0x7a  Code  Gb  stm32f3xx_hal_uart.o [1]
HAL_UART_MspInit         0x800'1fab    0xc2  Code  Gb  usart.o [1]
HAL_UART_Transmit        0x800'3d6b    0xd0  Code  Gb  stm32f3xx_hal_uart.o [1]
HardFault_Handler        0x800'6c23     0x2  Code  Gb  stm32f3xx_it.o [1]
MX_ADC1_Init             0x800'1ba9    0xa8  Code  Gb  adc.o [1]
MX_ADC2_Init             0x800'1c51    0x86  Code  Gb  adc.o [1]
MX_ADC4_Init             0x800'1cd7    0x86  Code  Gb  adc.o [1]
MX_FREERTOS_Init()       0x800'2409    0x34  Code  Gb  freertos.o [1]
MX_GPIO_Init             0x800'1a7d   0x12c  Code  Gb  gpio.o [1]
MX_SPI1_Init             0x800'208d    0x50  Code  Gb  spi.o [1]
MX_SPI3_Init             0x800'20dd    0x50  Code  Gb  spi.o [1]
MX_TIM15_Init            0x800'0649    0xe6  Code  Gb  tim.o [1]
MX_TIM16_Init            0x800'072f    0xc0  Code  Gb  tim.o [1]
MX_TIM17_Init            0x800'07ef    0xc0  Code  Gb  tim.o [1]
MX_TIM1_Init             0x800'0189   0x11c  Code  Gb  tim.o [1]
MX_TIM2_Init             0x800'02a5    0xbe  Code  Gb  tim.o [1]
MX_TIM3_Init             0x800'0363    0xbe  Code  Gb  tim.o [1]
MX_TIM4_Init             0x800'0421    0xbe  Code  Gb  tim.o [1]
MX_TIM6_Init             0x800'04df    0x4e  Code  Gb  tim.o [1]
MX_TIM8_Init             0x800'052d   0x11c  Code  Gb  tim.o [1]
MX_USART1_UART_Init      0x800'1f2d    0x42  Code  Gb  usart.o [1]
MX_USART2_UART_Init      0x800'1f6f    0x3c  Code  Gb  usart.o [1]
MainTaskHandle          0x2000'5c54     0x4  Data  Gb  freertos.o [1]
MemManage_Handler        0x800'6c25     0x2  Code  Gb  stm32f3xx_it.o [1]
ModBusTask(void const *)
                         0x800'2495    0x20  Code  Gb  freertos.o [1]
ModBus_TaskHandle       0x2000'5c58     0x4  Data  Gb  freertos.o [1]
NMI_Handler              0x800'6c21     0x2  Code  Gb  stm32f3xx_it.o [1]
NVIC_EncodePriority      0x800'31d9    0x3c  Code  Lc  stm32f3xx_hal_cortex.o [1]
PendSV_Handler           0x800'6371          Code  Gb  portasm.o [1]
Region$$Table$$Base      0x800'6cb8           --   Gb  - Linker created -
Region$$Table$$Limit     0x800'6cd8           --   Gb  - Linker created -
SPI_EndRxTransaction     0x800'4e91    0x86  Code  Lc  stm32f3xx_hal_spi.o [1]
SPI_EndRxTxTransaction   0x800'4f17    0x6a  Code  Lc  stm32f3xx_hal_spi.o [1]
SPI_WaitFifoStateUntilTimeout
                         0x800'4db9    0xd2  Code  Lc  stm32f3xx_hal_spi.o [1]
SPI_WaitFlagStateUntilTimeout
                         0x800'4ce9    0xd0  Code  Lc  stm32f3xx_hal_spi.o [1]
SVC_Handler              0x800'63c9          Code  Gb  portasm.o [1]
StartDefaultTask(void const *)
                         0x800'243d    0x58  Code  Gb  freertos.o [1]
SysTick_Handler          0x800'6115    0x28  Code  Gb  port.o [1]
SystemClock_Config()     0x800'160d    0x88  Code  Gb  main.o [1]
SystemCoreClock         0x2000'0090     0x4  Data  Gb  system_stm32f3xx.o [1]
SystemInit               0x800'6d45    0x14  Code  Gb  system_stm32f3xx.o [1]
TIM7_IRQHandler          0x800'6c37     0xa  Code  Gb  stm32f3xx_it.o [1]
TIM_Base_SetConfig       0x800'119d    0xb6  Code  Gb  stm32f3xx_hal_tim.o [1]
TIM_OC1_SetConfig        0x800'1253    0x9c  Code  Lc  stm32f3xx_hal_tim.o [1]
TIM_OC2_SetConfig        0x800'12ef    0x88  Code  Gb  stm32f3xx_hal_tim.o [1]
TIM_OC3_SetConfig        0x800'1377    0x7e  Code  Lc  stm32f3xx_hal_tim.o [1]
TIM_OC4_SetConfig        0x800'13f7    0x5e  Code  Lc  stm32f3xx_hal_tim.o [1]
TIM_OC5_SetConfig        0x800'1455    0x58  Code  Lc  stm32f3xx_hal_tim.o [1]
TIM_OC6_SetConfig        0x800'14ad    0x5a  Code  Lc  stm32f3xx_hal_tim.o [1]
UART_AdvFeatureConfig    0x800'4341    0xda  Code  Gb  stm32f3xx_hal_uart.o [1]
UART_CheckIdleState      0x800'441b    0x6e  Code  Gb  stm32f3xx_hal_uart.o [1]
UART_DMAAbortOnError     0x800'4575    0x16  Code  Lc  stm32f3xx_hal_uart.o [1]
UART_EndRxTransfer       0x800'453b    0x38  Code  Lc  stm32f3xx_hal_uart.o [1]
UART_EndTransmit_IT      0x800'458b    0x1c  Code  Lc  stm32f3xx_hal_uart.o [1]
UART_SetConfig           0x800'40cf   0x24c  Code  Gb  stm32f3xx_hal_uart.o [1]
UART_WaitOnFlagUntilTimeout
                         0x800'4489    0xb2  Code  Gb  stm32f3xx_hal_uart.o [1]
USART1_IRQHandler        0x800'6c2d     0xa  Code  Gb  stm32f3xx_it.o [1]
UsageFault_Handler       0x800'6c29     0x2  Code  Gb  stm32f3xx_it.o [1]
__NVIC_EnableIRQ         0x800'3199    0x1c  Code  Lc  stm32f3xx_hal_cortex.o [1]
__NVIC_GetPriorityGrouping
                         0x800'318f     0xa  Code  Lc  stm32f3xx_hal_cortex.o [1]
__NVIC_SetPriority       0x800'31b5    0x24  Code  Lc  stm32f3xx_hal_cortex.o [1]
__NVIC_SetPriorityGrouping
                         0x800'3175    0x1a  Code  Lc  stm32f3xx_hal_cortex.o [1]
__aeabi_assert           0x800'630d    0x24  Code  Gb  ABIassert.o [5]
__aeabi_memcpy           0x800'2319          Code  Gb  ABImemcpy.o [4]
__aeabi_memcpy4          0x800'2339          Code  Gb  ABImemcpy.o [4]
__aeabi_memcpy8          0x800'2339          Code  Gb  ABImemcpy.o [4]
__aeabi_memset           0x800'19e5          Code  Gb  ABImemset.o [4]
__cmain                  0x800'6cd9          Code  Gb  cmain.o [4]
__exit                   0x800'6429    0x14  Code  Gb  exit.o [5]
__iar_Memset             0x800'19e5          Code  Gb  ABImemset.o [4]
__iar_Memset_word        0x800'19ed          Code  Gb  ABImemset.o [4]
__iar_data_init3         0x800'6c49    0x28  Code  Gb  data_init.o [4]
__iar_debug_exceptions   0x800'3cee     0x1  Data  Gb  unwind_debug.o [5]
__iar_init_vfp           0x800'6c95          Code  Gb  fpinit_M.o [3]
__iar_packbits_init_single3
                         0x800'6be9    0x38  Code  Gb  packbits_init_single.o [4]
__iar_program_start      0x800'6dd1          Code  Gb  cstartup_M.o [4]
__iar_zero_init3         0x800'23bf    0x3a  Code  Gb  zero_init3.o [4]
__low_level_init         0x800'6cf7     0x4  Code  Gb  low_level_init.o [2]
__vector_table           0x800'0000          Data  Gb  startup_stm32f303xc.o [1]
_call_main               0x800'6ce5          Code  Gb  cmain.o [4]
_exit                    0x800'6d01          Code  Gb  cexit.o [4]
_main                    0x800'6cf3          Code  Gb  cmain.o [4]
aPLLMULFactorTable       0x800'6d78    0x10  Data  Gb  stm32f3xx_hal_rcc.o [1]
aPredivFactorTable       0x800'6d88    0x10  Data  Gb  stm32f3xx_hal_rcc.o [1]
abort                    0x800'6421     0x6  Code  Gb  abort.o [2]
aucCRCHi                 0x800'6814   0x100  Data  Lc  mbcrc.o [1]
aucCRCLo                 0x800'6914   0x100  Data  Lc  mbcrc.o [1]
downcounter             0x2000'5cee     0x2  Data  Gb  porttimer.o [1]
eMBCurrentMode          0x2000'5cf1     0x1  Data  Lc  mb.o [1]
eMBEnable                0x800'501b    0x20  Code  Gb  mb.o [1]
eMBFuncReadCoils         0x800'667b    0x9e  Code  Gb  mbfunccoils.o [1]
eMBFuncReadDiscreteInputs
                         0x800'6a15    0x9c  Code  Gb  mbfuncdisc.o [1]
eMBFuncReadHoldingRegister
                         0x800'64e7    0x86  Code  Gb  mbfuncholding.o [1]
eMBFuncReadInputRegister
                         0x800'6ab1    0x86  Code  Gb  mbfuncinput.o [1]
eMBFuncReadWriteMultipleHoldingRegister
                         0x800'656d    0xec  Code  Gb  mbfuncholding.o [1]
eMBFuncReportSlaveID     0x800'6c71    0x1c  Code  Gb  mbfuncother.o [1]
eMBFuncWriteCoil         0x800'6719    0x6c  Code  Gb  mbfunccoils.o [1]
eMBFuncWriteHoldingRegister
                         0x800'643d    0x3a  Code  Gb  mbfuncholding.o [1]
eMBFuncWriteMultipleCoils
                         0x800'6785    0x8e  Code  Gb  mbfunccoils.o [1]
eMBFuncWriteMultipleHoldingRegister
                         0x800'6477    0x70  Code  Gb  mbfuncholding.o [1]
eMBInit                  0x800'4f81    0x9a  Code  Gb  mb.o [1]
eMBPoll                  0x800'503b    0xe4  Code  Gb  mb.o [1]
eMBPoll::eException     0x2000'5cf4     0x1  Data  Lc  mb.o [1]
eMBPoll::ucFunctionCode
                        0x2000'5cf3     0x1  Data  Lc  mb.o [1]
eMBPoll::ucMBFrame      0x2000'5c98     0x4  Data  Lc  mb.o [1]
eMBPoll::ucRcvAddress   0x2000'5cf2     0x1  Data  Lc  mb.o [1]
eMBPoll::usLength       0x2000'5ce4     0x2  Data  Lc  mb.o [1]
eMBRTUInit               0x800'599d    0x46  Code  Gb  mbrtu.o [1]
eMBRTUReceive            0x800'5a11    0x6a  Code  Gb  mbrtu.o [1]
eMBRTUSend               0x800'5a7b    0x60  Code  Gb  mbrtu.o [1]
eMBRTUStart              0x800'59e3    0x1a  Code  Gb  mbrtu.o [1]
eMBRTUStop               0x800'59fd    0x14  Code  Gb  mbrtu.o [1]
eMBRegCoilsCB            0x800'24d9     0x4  Code  Gb  freertos.o [1]
eMBRegDiscreteCB         0x800'24dd     0x4  Code  Gb  freertos.o [1]
eMBRegHoldingCB          0x800'24d5     0x4  Code  Gb  freertos.o [1]
eMBRegInputCB            0x800'24d1     0x4  Code  Gb  freertos.o [1]
eMBState                0x2000'0094     0x1  Data  Lc  mb.o [1]
eQueuedEvent            0x2000'5cf8     0x1  Data  Lc  portevent.o [1]
eRcvState               0x2000'5cf6     0x1  Data  Lc  mbrtu.o [1]
eSndState               0x2000'5cf5     0x1  Data  Lc  mbrtu.o [1]
exit                     0x800'6cfb     0x4  Code  Gb  exit.o [2]
flash::Init(__SPI_HandleTypeDef *, unsigned int, pins_spi_t, pins_spi_t, pins_spi_t)
                         0x800'2201    0x68  Code  Gb  flash_spi.o [1]
flash::Read(settings_t *)
                         0x800'2269    0x40  Code  Gb  flash_spi.o [1]
flash::Write(settings_t)
                         0x800'22a9    0x48  Code  Gb  flash_spi.o [1]
flash::flash()           0x800'22f1    0x1e  Code  Gb  flash_spi.o [1]
hadc1                   0x2000'57e8    0x50  Data  Gb  adc.o [1]
hadc2                   0x2000'5838    0x50  Data  Gb  adc.o [1]
hadc4                   0x2000'5888    0x50  Data  Gb  adc.o [1]
hspi1                   0x2000'5720    0x64  Data  Gb  spi.o [1]
hspi3                   0x2000'5784    0x64  Data  Gb  spi.o [1]
htim1                   0x2000'5924    0x4c  Data  Gb  tim.o [1]
htim15                  0x2000'5aec    0x4c  Data  Gb  tim.o [1]
htim16                  0x2000'5b38    0x4c  Data  Gb  tim.o [1]
htim17                  0x2000'5b84    0x4c  Data  Gb  tim.o [1]
htim2                   0x2000'5970    0x4c  Data  Gb  tim.o [1]
htim3                   0x2000'59bc    0x4c  Data  Gb  tim.o [1]
htim4                   0x2000'5a08    0x4c  Data  Gb  tim.o [1]
htim6                   0x2000'5a54    0x4c  Data  Gb  tim.o [1]
htim7                   0x2000'58d8    0x4c  Data  Gb  stm32f3xx_hal_timebase_tim.o [1]
htim8                   0x2000'5aa0    0x4c  Data  Gb  tim.o [1]
huart1                  0x2000'5618    0x84  Data  Gb  usart.o [1]
huart2                  0x2000'569c    0x84  Data  Gb  usart.o [1]
main                     0x800'152d    0xe0  Code  Gb  main.o [1]
makeFreeRtosPriority     0x800'251d    0x16  Code  Lc  cmsis_os.o [1]
memset                   0x800'0ccd    0x14  Code  Gb  memset.o [4]
osDelay                  0x800'259b    0x16  Code  Gb  cmsis_os.o [1]
osKernelStart            0x800'2533     0xa  Code  Gb  cmsis_os.o [1]
osThreadCreate           0x800'253d    0x5e  Code  Gb  cmsis_os.o [1]
peMBFrameReceiveCur     0x2000'5c84     0x4  Data  Lc  mb.o [1]
peMBFrameSendCur        0x2000'5c78     0x4  Data  Lc  mb.o [1]
prvAddCurrentTaskToDelayedList
                         0x800'5859    0x6e  Code  Lc  tasks.o [1]
prvAddNewTaskToReadyList
                         0x800'531f    0x9a  Code  Lc  tasks.o [1]
prvCheckTasksWaitingTermination
                         0x800'5775    0x38  Code  Lc  tasks.o [1]
prvDeleteTCB             0x800'57b5    0x42  Code  Lc  tasks.o [1]
prvHeapInit              0x800'5e23    0x5e  Code  Lc  heap_4.o [1]
prvIdleTask              0x800'56f1    0x22  Code  Lc  tasks.o [1]
prvInitialiseNewTask     0x800'5275    0xaa  Code  Lc  tasks.o [1]
prvInitialiseTaskLists   0x800'5721    0x50  Code  Lc  tasks.o [1]
prvInsertBlockIntoFreeList
                         0x800'5e81    0x5e  Code  Lc  heap_4.o [1]
prvResetNextTaskUnblockTime
                         0x800'57f7    0x28  Code  Lc  tasks.o [1]
prvTaskExitError         0x800'5fbd    0x2a  Code  Lc  port.o [1]
prveMBError2Exception    0x800'6659    0x22  Code  Gb  mbutils.o [1]
pucSndBufferCur         0x2000'5c9c     0x4  Data  Lc  mbrtu.o [1]
pvMBFrameCloseCur       0x2000'5c88     0x4  Data  Lc  mb.o [1]
pvMBFrameStartCur       0x2000'5c7c     0x4  Data  Lc  mb.o [1]
pvMBFrameStopCur        0x2000'5c80     0x4  Data  Lc  mb.o [1]
pvPortMalloc             0x800'5c9d   0x114  Code  Gb  heap_4.o [1]
pxCurrentTCB            0x2000'5ca8     0x4  Data  Gb  tasks.o [1]
pxDelayedTaskList       0x2000'5cac     0x4  Data  Lc  tasks.o [1]
pxEnd                   0x2000'5c68     0x4  Data  Lc  heap_4.o [1]
pxMBFrameCBByteReceived
                        0x2000'5c8c     0x4  Data  Gb  mb.o [1]
pxMBFrameCBTransmitterEmpty
                        0x2000'5c90     0x4  Data  Gb  mb.o [1]
pxMBPortCBTimerExpired  0x2000'5c94     0x4  Data  Gb  mb.o [1]
pxOverflowDelayedTaskList
                        0x2000'5cb0     0x4  Data  Lc  tasks.o [1]
pxPortInitialiseStack    0x800'5f95    0x28  Code  Gb  port.o [1]
pxReadyTasksLists       0x2000'558c    0x8c  Data  Lc  tasks.o [1]
resetSettings           0x2000'5484     0x1  Data  Gb  main.o [1]
serial                  0x2000'0088     0x4  Data  Gb  portserial.o [1]
settings                0x2000'52ec   0x198  Data  Gb  main.o [1]
start                   0x2000'0000     0x4  Data  Gb  freertos.o [1]
timeout                 0x2000'5cec     0x2  Data  Gb  porttimer.o [1]
ucHeap                  0x2000'0098  0x5000  Data  Lc  heap_4.o [1]
ucMBAddress             0x2000'5cf0     0x1  Data  Lc  mb.o [1]
ucMBSlaveID             0x2000'5bd0    0x20  Data  Lc  mbfuncother.o [1]
ucMaxSysCallPriority    0x2000'5cf7     0x1  Data  Lc  port.o [1]
ucRTUBuf                0x2000'548c   0x100  Data  Gb  mbrtu.o [1]
ulMaxPRIGROUPValue      0x2000'5ca0     0x4  Data  Lc  port.o [1]
usMBCRC16                0x800'6331    0x40  Code  Gb  mbcrc.o [1]
usMBSlaveIDLen          0x2000'5ce6     0x2  Data  Lc  mbfuncother.o [1]
usRcvBufferPos          0x2000'5cea     0x2  Data  Lc  mbrtu.o [1]
usSndBufferCount        0x2000'5ce8     0x2  Data  Lc  mbrtu.o [1]
uwTick                  0x2000'5ca4     0x4  Data  Gb  stm32f3xx_hal.o [1]
uwTickFreq              0x2000'0095     0x1  Data  Gb  stm32f3xx_hal.o [1]
uwTickPrio              0x2000'008c     0x4  Data  Gb  stm32f3xx_hal.o [1]
uxCriticalNesting       0x2000'0084     0x4  Data  Lc  port.o [1]
uxCurrentNumberOfTasks  0x2000'5cb8     0x4  Data  Lc  tasks.o [1]
uxDeletedTasksWaitingCleanUp
                        0x2000'5cb4     0x4  Data  Lc  tasks.o [1]
uxListRemove             0x800'5f6f    0x26  Code  Gb  list.o [1]
uxPendedTicks           0x2000'5cc8     0x4  Data  Lc  tasks.o [1]
uxSchedulerSuspended    0x2000'5ce0     0x4  Data  Lc  tasks.o [1]
uxTaskNumber            0x2000'5cd4     0x4  Data  Lc  tasks.o [1]
uxTopReadyPriority      0x2000'5cc0     0x4  Data  Lc  tasks.o [1]
vApplicationGetIdleTaskMemory
                         0x800'23f9    0x10  Code  Gb  freertos.o [1]
vListInitialise          0x800'5efd    0x1e  Code  Gb  list.o [1]
vListInitialiseItem      0x800'5f1b     0x6  Code  Gb  list.o [1]
vListInsert              0x800'5f39    0x36  Code  Gb  list.o [1]
vListInsertEnd           0x800'5f21    0x18  Code  Gb  list.o [1]
vMBPortSerialEnable      0x800'6199    0x5a  Code  Gb  portserial.o [1]
vMBPortTimersDisable     0x800'62ed     0xa  Code  Gb  porttimer.o [1]
vMBPortTimersEnable      0x800'62db    0x12  Code  Gb  porttimer.o [1]
vPortEnableVFP           0x800'6405          Code  Gb  portasm.o [1]
vPortEnterCritical       0x800'60b5    0x34  Code  Gb  port.o [1]
vPortExitCritical        0x800'60e9    0x2c  Code  Gb  port.o [1]
vPortFree                0x800'5db1    0x72  Code  Gb  heap_4.o [1]
vPortStartFirstTask      0x800'63e5          Code  Gb  portasm.o [1]
vTaskDelay               0x800'53b9    0x4c  Code  Gb  tasks.o [1]
vTaskStartScheduler      0x800'5405    0x8e  Code  Gb  tasks.o [1]
vTaskSuspendAll          0x800'5493     0xc  Code  Gb  tasks.o [1]
vTaskSwitchContext       0x800'567b    0x6c  Code  Gb  tasks.o [1]
xBlockAllocatedBit      0x2000'5c74     0x4  Data  Lc  heap_4.o [1]
xDelayedTaskList1       0x2000'5bf0    0x14  Data  Lc  tasks.o [1]
xDelayedTaskList2       0x2000'5c04    0x14  Data  Lc  tasks.o [1]
xEventInQueue           0x2000'5cf9     0x1  Data  Lc  portevent.o [1]
xFreeBytesRemaining     0x2000'5c6c     0x4  Data  Lc  heap_4.o [1]
xFuncHandlers           0x2000'0004    0x80  Data  Lc  mb.o [1]
xHeapStructSize          0x800'6df4     0x4  Data  Lc  heap_4.o [1]
xIdleStack              0x2000'50ec   0x200  Data  Lc  freertos.o [1]
xIdleTaskHandle         0x2000'5cdc     0x4  Data  Lc  tasks.o [1]
xIdleTaskTCBBuffer      0x2000'5098    0x54  Data  Lc  freertos.o [1]
xMBPortEventGet          0x800'5c79    0x1c  Code  Gb  portevent.o [1]
xMBPortEventInit         0x800'5c61     0xa  Code  Gb  portevent.o [1]
xMBPortEventPost         0x800'5c6b     0xe  Code  Gb  portevent.o [1]
xMBPortSerialGetByte     0x800'6275     0xe  Code  Gb  portserial.o [1]
xMBPortSerialInit        0x800'61f3    0x64  Code  Gb  portserial.o [1]
xMBPortSerialPutByte     0x800'6257    0x1e  Code  Gb  portserial.o [1]
xMBPortTimersInit        0x800'628d    0x4e  Code  Gb  porttimer.o [1]
xMBRTUReceiveFSM         0x800'5adb    0x8a  Code  Gb  mbrtu.o [1]
xMBRTUTimerT35Expired    0x800'5bd3    0x5c  Code  Gb  mbrtu.o [1]
xMBRTUTransmitFSM        0x800'5b65    0x6e  Code  Gb  mbrtu.o [1]
xMinimumEverFreeBytesRemaining
                        0x2000'5c70     0x4  Data  Lc  heap_4.o [1]
xNextTaskUnblockTime    0x2000'5cd8     0x4  Data  Lc  tasks.o [1]
xNumOfOverflows         0x2000'5cd0     0x4  Data  Lc  tasks.o [1]
xPendingReadyList       0x2000'5c18    0x14  Data  Lc  tasks.o [1]
xPortStartScheduler      0x800'5fe7    0xce  Code  Gb  port.o [1]
xSchedulerRunning       0x2000'5cc4     0x4  Data  Lc  tasks.o [1]
xStart                  0x2000'5c5c     0x8  Data  Lc  heap_4.o [1]
xSuspendedTaskList      0x2000'5c40    0x14  Data  Lc  tasks.o [1]
xTaskCreate              0x800'5203    0x72  Code  Gb  tasks.o [1]
xTaskCreateStatic        0x800'5181    0x82  Code  Gb  tasks.o [1]
xTaskIncrementTick       0x800'5583    0xf8  Code  Gb  tasks.o [1]
xTaskResumeAll           0x800'549f    0xe4  Code  Gb  tasks.o [1]
xTasksWaitingTermination
                        0x2000'5c2c    0x14  Data  Lc  tasks.o [1]
xTickCount              0x2000'5cbc     0x4  Data  Lc  tasks.o [1]
xYieldPending           0x2000'5ccc     0x4  Data  Lc  tasks.o [1]


[1] = D:\Radio\Jobe\LED Driver_v2\prog\EWARM\prog\Obj
[2] = dl7M_tlf.a
[3] = m7M_tls.a
[4] = rt7M_tl.a
[5] = shb_l.a

  27'499 bytes of readonly  code memory
   1'012 bytes of readonly  data memory
  25'848 bytes of readwrite data memory

Errors: none
Warnings: none
