###############################################################################
#
# IAR ELF Linker V8.40.2.214/W32 for ARM                  24/Jan/2021  21:34:16
# Copyright 2007-2019 IAR Systems AB.
#
#    Output file  =  D:\Radio\Jobe\LED Driver_v2\prog\EWARM\prog\Exe\prog.out
#    Map file     =  D:\Radio\Jobe\LED Driver_v2\prog\EWARM\prog\List\prog.map
#    Command line =
#        -f C:\Users\IERIXO~1\AppData\Local\Temp\EWD0BD.tmp ("D:\Radio\Jobe\LED
#        Driver_v2\prog\EWARM\prog\Obj\adc.o" "D:\Radio\Jobe\LED
#        Driver_v2\prog\EWARM\prog\Obj\cmsis_os.o" "D:\Radio\Jobe\LED
#        Driver_v2\prog\EWARM\prog\Obj\croutine.o" "D:\Radio\Jobe\LED
#        Driver_v2\prog\EWARM\prog\Obj\event_groups.o" "D:\Radio\Jobe\LED
#        Driver_v2\prog\EWARM\prog\Obj\flash_spi.o" "D:\Radio\Jobe\LED
#        Driver_v2\prog\EWARM\prog\Obj\freertos.o" "D:\Radio\Jobe\LED
#        Driver_v2\prog\EWARM\prog\Obj\gpio.o" "D:\Radio\Jobe\LED
#        Driver_v2\prog\EWARM\prog\Obj\heap_4.o" "D:\Radio\Jobe\LED
#        Driver_v2\prog\EWARM\prog\Obj\list.o" "D:\Radio\Jobe\LED
#        Driver_v2\prog\EWARM\prog\Obj\main.o" "D:\Radio\Jobe\LED
#        Driver_v2\prog\EWARM\prog\Obj\mb.o" "D:\Radio\Jobe\LED
#        Driver_v2\prog\EWARM\prog\Obj\mbcrc.o" "D:\Radio\Jobe\LED
#        Driver_v2\prog\EWARM\prog\Obj\mbfunccoils.o" "D:\Radio\Jobe\LED
#        Driver_v2\prog\EWARM\prog\Obj\mbfuncdiag.o" "D:\Radio\Jobe\LED
#        Driver_v2\prog\EWARM\prog\Obj\mbfuncdisc.o" "D:\Radio\Jobe\LED
#        Driver_v2\prog\EWARM\prog\Obj\mbfuncholding.o" "D:\Radio\Jobe\LED
#        Driver_v2\prog\EWARM\prog\Obj\mbfuncinput.o" "D:\Radio\Jobe\LED
#        Driver_v2\prog\EWARM\prog\Obj\mbfuncother.o" "D:\Radio\Jobe\LED
#        Driver_v2\prog\EWARM\prog\Obj\mbrtu.o" "D:\Radio\Jobe\LED
#        Driver_v2\prog\EWARM\prog\Obj\mbutils.o" "D:\Radio\Jobe\LED
#        Driver_v2\prog\EWARM\prog\Obj\port.o" "D:\Radio\Jobe\LED
#        Driver_v2\prog\EWARM\prog\Obj\portasm.o" "D:\Radio\Jobe\LED
#        Driver_v2\prog\EWARM\prog\Obj\portevent.o" "D:\Radio\Jobe\LED
#        Driver_v2\prog\EWARM\prog\Obj\portserial.o" "D:\Radio\Jobe\LED
#        Driver_v2\prog\EWARM\prog\Obj\porttimer.o" "D:\Radio\Jobe\LED
#        Driver_v2\prog\EWARM\prog\Obj\queue.o" "D:\Radio\Jobe\LED
#        Driver_v2\prog\EWARM\prog\Obj\spi.o" "D:\Radio\Jobe\LED
#        Driver_v2\prog\EWARM\prog\Obj\startup_stm32f303xc.o"
#        "D:\Radio\Jobe\LED Driver_v2\prog\EWARM\prog\Obj\stm32f3xx_hal.o"
#        "D:\Radio\Jobe\LED Driver_v2\prog\EWARM\prog\Obj\stm32f3xx_hal_adc.o"
#        "D:\Radio\Jobe\LED
#        Driver_v2\prog\EWARM\prog\Obj\stm32f3xx_hal_adc_ex.o"
#        "D:\Radio\Jobe\LED
#        Driver_v2\prog\EWARM\prog\Obj\stm32f3xx_hal_cortex.o"
#        "D:\Radio\Jobe\LED Driver_v2\prog\EWARM\prog\Obj\stm32f3xx_hal_dma.o"
#        "D:\Radio\Jobe\LED Driver_v2\prog\EWARM\prog\Obj\stm32f3xx_hal_exti.o"
#        "D:\Radio\Jobe\LED
#        Driver_v2\prog\EWARM\prog\Obj\stm32f3xx_hal_flash.o"
#        "D:\Radio\Jobe\LED
#        Driver_v2\prog\EWARM\prog\Obj\stm32f3xx_hal_flash_ex.o"
#        "D:\Radio\Jobe\LED Driver_v2\prog\EWARM\prog\Obj\stm32f3xx_hal_gpio.o"
#        "D:\Radio\Jobe\LED Driver_v2\prog\EWARM\prog\Obj\stm32f3xx_hal_i2c.o"
#        "D:\Radio\Jobe\LED
#        Driver_v2\prog\EWARM\prog\Obj\stm32f3xx_hal_i2c_ex.o"
#        "D:\Radio\Jobe\LED Driver_v2\prog\EWARM\prog\Obj\stm32f3xx_hal_msp.o"
#        "D:\Radio\Jobe\LED Driver_v2\prog\EWARM\prog\Obj\stm32f3xx_hal_pwr.o"
#        "D:\Radio\Jobe\LED
#        Driver_v2\prog\EWARM\prog\Obj\stm32f3xx_hal_pwr_ex.o"
#        "D:\Radio\Jobe\LED Driver_v2\prog\EWARM\prog\Obj\stm32f3xx_hal_rcc.o"
#        "D:\Radio\Jobe\LED
#        Driver_v2\prog\EWARM\prog\Obj\stm32f3xx_hal_rcc_ex.o"
#        "D:\Radio\Jobe\LED Driver_v2\prog\EWARM\prog\Obj\stm32f3xx_hal_spi.o"
#        "D:\Radio\Jobe\LED
#        Driver_v2\prog\EWARM\prog\Obj\stm32f3xx_hal_spi_ex.o"
#        "D:\Radio\Jobe\LED Driver_v2\prog\EWARM\prog\Obj\stm32f3xx_hal_tim.o"
#        "D:\Radio\Jobe\LED
#        Driver_v2\prog\EWARM\prog\Obj\stm32f3xx_hal_tim_ex.o"
#        "D:\Radio\Jobe\LED
#        Driver_v2\prog\EWARM\prog\Obj\stm32f3xx_hal_timebase_tim.o"
#        "D:\Radio\Jobe\LED Driver_v2\prog\EWARM\prog\Obj\stm32f3xx_hal_uart.o"
#        "D:\Radio\Jobe\LED
#        Driver_v2\prog\EWARM\prog\Obj\stm32f3xx_hal_uart_ex.o"
#        "D:\Radio\Jobe\LED Driver_v2\prog\EWARM\prog\Obj\stm32f3xx_it.o"
#        "D:\Radio\Jobe\LED Driver_v2\prog\EWARM\prog\Obj\stream_buffer.o"
#        "D:\Radio\Jobe\LED Driver_v2\prog\EWARM\prog\Obj\system_stm32f3xx.o"
#        "D:\Radio\Jobe\LED Driver_v2\prog\EWARM\prog\Obj\tasks.o"
#        "D:\Radio\Jobe\LED Driver_v2\prog\EWARM\prog\Obj\tim.o"
#        "D:\Radio\Jobe\LED Driver_v2\prog\EWARM\prog\Obj\timers.o"
#        "D:\Radio\Jobe\LED Driver_v2\prog\EWARM\prog\Obj\usart.o" --redirect
#        _Printf=_PrintfFull --redirect _Scanf=_ScanfFull --no_out_extension -o
#        "D:\Radio\Jobe\LED Driver_v2\prog\EWARM\prog\Exe\prog.out" --map
#        "D:\Radio\Jobe\LED Driver_v2\prog\EWARM\prog\List\prog.map" --config
#        "D:\Radio\Jobe\LED Driver_v2\prog\EWARM/stm32f303xc_flash.icf"
#        --semihosting --entry __iar_program_start --vfe --text_out locale)
#
###############################################################################

*******************************************************************************
*** RUNTIME MODEL ATTRIBUTES
***

CppFlavor        = *
__CPP_Exceptions = Disabled
__CPP_Language   = C++14
__SystemLibrary  = DLib
__dlib_version   = 6


*******************************************************************************
*** HEAP SELECTION
***

The basic heap was selected because no calls to memory allocation
functions were found in the application outside of system library
functions, and there are calls to deallocation functions in the
application.


*******************************************************************************
*** PLACEMENT SUMMARY
***

"A0":  place at address 0x800'0000 { ro section .intvec };
"P1":  place in [from 0x800'0000 to 0x803'ffff] { ro };
define block CSTACK with size = 2K, alignment = 8 { };
define block HEAP with size = 1K, alignment = 8 { };
"P2":  place in [from 0x2000'0000 to 0x2000'9fff] {
          rw, block CSTACK, block HEAP };
initialize by copy { rw };

  Section            Kind         Address    Size  Object
  -------            ----         -------    ----  ------
"A0":                                       0x188
  .intvec            ro code   0x800'0000   0x188  startup_stm32f303xc.o [1]
                             - 0x800'0188   0x188

"P1":                                      0x519e
  .text              ro code   0x800'0188   0x830  stm32f3xx_hal_spi.o [1]
  .text              ro code   0x800'09b8   0x134  spi.o [1]
  .text              ro code   0x800'0aec     0xc  stm32f3xx_hal.o [1]
  .text              ro code   0x800'0af8   0x122  main.o [1]
  .text              ro code   0x800'0c1a    0x14  memset.o [4]
  .text              ro code   0x800'0c2e    0x3a  zero_init3.o [4]
  .text              ro code   0x800'0c68   0x1b4  stm32f3xx_hal_gpio.o [1]
  .text              ro code   0x800'0e1c    0x24  stm32f3xx_hal.o [1]
  .text              ro code   0x800'0e40   0x114  gpio.o [1]
  .text              ro code   0x800'0f54   0x248  adc.o [1]
  .text              ro code   0x800'119c   0x668  tim.o [1]
  .text              ro code   0x800'1804   0x130  usart.o [1]
  .text              ro code   0x800'1934   0x128  freertos.o [1]
  .text              ro code   0x800'1a5c    0x82  cmsis_os.o [1]
  .rodata            const     0x800'1ade     0x1  unwind_debug.o [5]
  .text              ro code   0x800'1ae0   0x4f4  stm32f3xx_hal_rcc.o [1]
  .text              ro code   0x800'1fd4   0x1b4  stm32f3xx_hal_rcc_ex.o [1]
  .text              ro code   0x800'2188    0x10  stm32f3xx_hal.o [1]
  .text              ro code   0x800'2198    0x12  ABImemset_small.o [4]
  .text              ro code   0x800'21ac    0x98  stm32f3xx_hal_cortex.o [1]
  .text              ro code   0x800'2244    0x78  stm32f3xx_hal_timebase_tim.o [1]
  .text              ro code   0x800'22bc    0x3c  stm32f3xx_hal_msp.o [1]
  .text              ro code   0x800'22f8   0x6f4  stm32f3xx_hal_adc_ex.o [1]
  .text              ro code   0x800'29ec   0x6cc  stm32f3xx_hal_tim.o [1]
  .text              ro code   0x800'30b8   0x110  stm32f3xx_hal_tim_ex.o [1]
  .text              ro code   0x800'31c8    0x94  stm32f3xx_hal_uart_ex.o [1]
  .text              ro code   0x800'325c   0x710  stm32f3xx_hal_uart.o [1]
  .text              ro code   0x800'396c    0x18  ABImemcpy_small.o [4]
  .text              ro code   0x800'3984    0x28  stm32f3xx_hal.o [1]
  .text              ro code   0x800'39ac   0x130  mb.o [1]
  .text              ro code   0x800'3adc   0x588  tasks.o [1]
  .text              ro code   0x800'4064     0x2  stm32f3xx_hal_tim.o [1]
  .text              ro code   0x800'4066     0x2  stm32f3xx_hal_tim.o [1]
  .text              ro code   0x800'4068     0x2  stm32f3xx_hal_tim_ex.o [1]
  .text              ro code   0x800'406a     0x2  stm32f3xx_hal_tim_ex.o [1]
  .text              ro code   0x800'406c     0x2  stm32f3xx_hal_tim.o [1]
  .text              ro code   0x800'406e     0x2  stm32f3xx_hal_tim_ex.o [1]
  .text              ro code   0x800'4070     0x2  stm32f3xx_hal_tim.o [1]
  .text              ro code   0x800'4074    0x90  stm32f3xx_hal_dma.o [1]
  .text              ro code   0x800'4104     0x2  stm32f3xx_hal_uart.o [1]
  .text              ro code   0x800'4106     0x2  stm32f3xx_hal_uart.o [1]
  .text              ro code   0x800'4108     0x2  stm32f3xx_hal_uart.o [1]
  .text              ro code   0x800'410c   0x280  mbrtu.o [1]
  .text              ro code   0x800'438c    0x30  portevent.o [1]
  .text              ro code   0x800'43bc   0x1b4  heap_4.o [1]
  .text              ro code   0x800'4570    0x92  list.o [1]
  .text              ro code   0x800'4604   0x1b8  port.o [1]
  .text              ro code   0x800'47bc    0xa0  portserial.o [1]
  .text              ro code   0x800'485c    0x6c  porttimer.o [1]
  .text              ro code   0x800'48c8    0x24  ABIassert.o [5]
  .text              ro code   0x800'48ec    0x30  mbcrc.o [1]
  CODE               ro code   0x800'491c    0xb0  portasm.o [1]
  .text              ro code   0x800'49cc     0x6  abort.o [2]
  .text              ro code   0x800'49d4    0x14  exit.o [5]
  .rodata            const     0x800'49e8   0x200  mbcrc.o [1]
  .text              ro code   0x800'4be8   0x182  mbfuncholding.o [1]
  .text              ro code   0x800'4d6c    0x18  mbutils.o [1]
  .text              ro code   0x800'4d84   0x126  mbfunccoils.o [1]
  .rodata            const     0x800'4eac    0xb0  mbrtu.o [1]
  .text              ro code   0x800'4f5c    0x70  mbfuncdisc.o [1]
  .text              ro code   0x800'4fcc    0x60  mbfuncinput.o [1]
  .text              ro code   0x800'502c    0x38  packbits_init_single.o [4]
  .text              ro code   0x800'5064    0x2c  system_stm32f3xx.o [1]
  .text              ro code   0x800'5090    0x28  data_init.o [4]
  .text              ro code   0x800'50b8    0x22  fpinit_M.o [3]
  .iar.init_table    const     0x800'50dc    0x20  - Linker created -
  .text              ro code   0x800'50fc    0x20  mbfuncother.o [1]
  .text              ro code   0x800'511c    0x20  stm32f3xx_it.o [1]
  .text              ro code   0x800'513c    0x1e  cmain.o [4]
  .text              ro code   0x800'515a     0x4  low_level_init.o [2]
  .text              ro code   0x800'515e     0x4  exit.o [2]
  .text              ro code   0x800'5164     0xa  cexit.o [4]
  .text              ro code   0x800'5170    0x10  startup_stm32f303xc.o [1]
  .rodata            const     0x800'5180     0xc  freertos.o [1]
  .rodata            const     0x800'518c     0xc  freertos.o [1]
  .text              ro code   0x800'5198     0xc  cstartup_M.o [4]
  .rodata            const     0x800'51a4     0x8  system_stm32f3xx.o [1]
  .text              ro code   0x800'51ac     0x4  startup_stm32f303xc.o [1]
  .text              ro code   0x800'51b0     0x4  startup_stm32f303xc.o [1]
  .text              ro code   0x800'51b4     0x4  startup_stm32f303xc.o [1]
  .text              ro code   0x800'51b8     0x4  startup_stm32f303xc.o [1]
  .text              ro code   0x800'51bc     0x4  startup_stm32f303xc.o [1]
  .text              ro code   0x800'51c0     0x4  startup_stm32f303xc.o [1]
  .text              ro code   0x800'51c4     0x4  startup_stm32f303xc.o [1]
  .text              ro code   0x800'51c8     0x4  startup_stm32f303xc.o [1]
  .text              ro code   0x800'51cc     0x4  startup_stm32f303xc.o [1]
  .text              ro code   0x800'51d0     0x4  startup_stm32f303xc.o [1]
  .text              ro code   0x800'51d4     0x4  startup_stm32f303xc.o [1]
  .text              ro code   0x800'51d8     0x4  startup_stm32f303xc.o [1]
  .text              ro code   0x800'51dc     0x4  startup_stm32f303xc.o [1]
  .text              ro code   0x800'51e0     0x4  startup_stm32f303xc.o [1]
  .text              ro code   0x800'51e4     0x4  startup_stm32f303xc.o [1]
  .text              ro code   0x800'51e8     0x4  startup_stm32f303xc.o [1]
  .text              ro code   0x800'51ec     0x4  startup_stm32f303xc.o [1]
  .text              ro code   0x800'51f0     0x4  startup_stm32f303xc.o [1]
  .text              ro code   0x800'51f4     0x4  startup_stm32f303xc.o [1]
  .text              ro code   0x800'51f8     0x4  startup_stm32f303xc.o [1]
  .text              ro code   0x800'51fc     0x4  startup_stm32f303xc.o [1]
  .text              ro code   0x800'5200     0x4  startup_stm32f303xc.o [1]
  .text              ro code   0x800'5204     0x4  startup_stm32f303xc.o [1]
  .text              ro code   0x800'5208     0x4  startup_stm32f303xc.o [1]
  .text              ro code   0x800'520c     0x4  startup_stm32f303xc.o [1]
  .text              ro code   0x800'5210     0x4  startup_stm32f303xc.o [1]
  .text              ro code   0x800'5214     0x4  startup_stm32f303xc.o [1]
  .text              ro code   0x800'5218     0x4  startup_stm32f303xc.o [1]
  .text              ro code   0x800'521c     0x4  startup_stm32f303xc.o [1]
  .text              ro code   0x800'5220     0x4  startup_stm32f303xc.o [1]
  .text              ro code   0x800'5224     0x4  startup_stm32f303xc.o [1]
  .text              ro code   0x800'5228     0x4  startup_stm32f303xc.o [1]
  .text              ro code   0x800'522c     0x4  startup_stm32f303xc.o [1]
  .text              ro code   0x800'5230     0x4  startup_stm32f303xc.o [1]
  .text              ro code   0x800'5234     0x4  startup_stm32f303xc.o [1]
  .text              ro code   0x800'5238     0x4  startup_stm32f303xc.o [1]
  .text              ro code   0x800'523c     0x4  startup_stm32f303xc.o [1]
  .text              ro code   0x800'5240     0x4  startup_stm32f303xc.o [1]
  .text              ro code   0x800'5244     0x4  startup_stm32f303xc.o [1]
  .text              ro code   0x800'5248     0x4  startup_stm32f303xc.o [1]
  .text              ro code   0x800'524c     0x4  startup_stm32f303xc.o [1]
  .text              ro code   0x800'5250     0x4  startup_stm32f303xc.o [1]
  .text              ro code   0x800'5254     0x4  startup_stm32f303xc.o [1]
  .text              ro code   0x800'5258     0x4  startup_stm32f303xc.o [1]
  .text              ro code   0x800'525c     0x4  startup_stm32f303xc.o [1]
  .text              ro code   0x800'5260     0x4  startup_stm32f303xc.o [1]
  .text              ro code   0x800'5264     0x4  startup_stm32f303xc.o [1]
  .text              ro code   0x800'5268     0x4  startup_stm32f303xc.o [1]
  .text              ro code   0x800'526c     0x4  startup_stm32f303xc.o [1]
  .text              ro code   0x800'5270     0x4  startup_stm32f303xc.o [1]
  .text              ro code   0x800'5274     0x4  startup_stm32f303xc.o [1]
  .text              ro code   0x800'5278     0x4  startup_stm32f303xc.o [1]
  .text              ro code   0x800'527c     0x4  startup_stm32f303xc.o [1]
  .text              ro code   0x800'5280     0x4  startup_stm32f303xc.o [1]
  .text              ro code   0x800'5284     0x4  startup_stm32f303xc.o [1]
  .text              ro code   0x800'5288     0x4  startup_stm32f303xc.o [1]
  .text              ro code   0x800'528c     0x4  startup_stm32f303xc.o [1]
  .text              ro code   0x800'5290     0x4  startup_stm32f303xc.o [1]
  .text              ro code   0x800'5294     0x4  startup_stm32f303xc.o [1]
  .text              ro code   0x800'5298     0x4  startup_stm32f303xc.o [1]
  .text              ro code   0x800'529c     0x4  startup_stm32f303xc.o [1]
  .text              ro code   0x800'52a0     0x4  startup_stm32f303xc.o [1]
  .text              ro code   0x800'52a4     0x4  startup_stm32f303xc.o [1]
  .text              ro code   0x800'52a8     0x4  startup_stm32f303xc.o [1]
  .rodata            const     0x800'52ac     0x0  zero_init3.o [4]
  .rodata            const     0x800'52ac     0x0  packbits_init_single.o [4]
  Initializer bytes  const     0x800'52ac    0x7a  <for P2-1>
                             - 0x800'5326  0x519e

"P2", part 1 of 3:                          0x268
  P2-1                        0x2000'0000   0x268  <Init block>
    .data            inited   0x2000'0000   0x19c  main.o [1]
    .data            inited   0x2000'019c    0x2c  mb.o [1]
    .data            inited   0x2000'01c8    0x80  mb.o [1]
    .data            inited   0x2000'0248     0xc  port.o [1]
    .data            inited   0x2000'0254     0x4  portserial.o [1]
    .data            inited   0x2000'0258     0xc  stm32f3xx_hal.o [1]
    .data            inited   0x2000'0264     0x4  system_stm32f3xx.o [1]
                            - 0x2000'0268   0x268

"P2", part 2 of 3:                         0x5a8c
  .bss               zero     0x2000'0268  0x5018  heap_4.o [1]
  .bss               zero     0x2000'5280   0x254  freertos.o [1]
  .bss               zero     0x2000'54d4   0x100  mbrtu.o [1]
  .bss               zero     0x2000'55d4    0x9c  tasks.o [1]
  .bss               zero     0x2000'5670    0x8c  tasks.o [1]
  .bss               zero     0x2000'56fc    0x84  usart.o [1]
  .bss               zero     0x2000'5780    0x84  usart.o [1]
  .bss               zero     0x2000'5804    0x64  spi.o [1]
  .bss               zero     0x2000'5868    0x64  spi.o [1]
  .bss               zero     0x2000'58cc    0x50  adc.o [1]
  .bss               zero     0x2000'591c    0x50  adc.o [1]
  .bss               zero     0x2000'596c    0x50  adc.o [1]
  .bss               zero     0x2000'59bc    0x4c  stm32f3xx_hal_timebase_tim.o [1]
  .bss               zero     0x2000'5a08    0x4c  tim.o [1]
  .bss               zero     0x2000'5a54    0x4c  tim.o [1]
  .bss               zero     0x2000'5aa0    0x4c  tim.o [1]
  .bss               zero     0x2000'5aec    0x4c  tim.o [1]
  .bss               zero     0x2000'5b38    0x4c  tim.o [1]
  .bss               zero     0x2000'5b84    0x4c  tim.o [1]
  .bss               zero     0x2000'5bd0    0x4c  tim.o [1]
  .bss               zero     0x2000'5c1c    0x4c  tim.o [1]
  .bss               zero     0x2000'5c68    0x4c  tim.o [1]
  .bss               zero     0x2000'5cb4    0x22  mbfuncother.o [1]
  .bss               zero     0x2000'5cd6     0x2  portevent.o [1]
  .bss               zero     0x2000'5cd8     0xc  mbrtu.o [1]
  .bss               zero     0x2000'5ce4     0x8  freertos.o [1]
  .bss               zero     0x2000'5cec     0x4  adc.o [1]
  .bss               zero     0x2000'5cf0     0x4  porttimer.o [1]
                            - 0x2000'5cf4  0x5a8c

"P2", part 3 of 3:                          0x800
  CSTACK                      0x2000'5cf8   0x800  <Block>
    CSTACK           uninit   0x2000'5cf8   0x800  <Block tail>
                            - 0x2000'64f8   0x800

Unused ranges:

         From           To      Size
         ----           --      ----
   0x800'5326   0x803'ffff  0x3'acda
  0x2000'5cf4  0x2000'5cf7       0x4
  0x2000'64f8  0x2000'9fff    0x3b08


*******************************************************************************
*** INIT TABLE
***

          Address      Size
          -------      ----
Zero (__iar_zero_init3)
    1 destination range, total size 0x5a8c:
          0x2000'0268  0x5a8c

Copy/packbits (__iar_packbits_init_single3)
    1 source range, total size 0x7a (19% of destination):
           0x800'52ac    0x7a
    1 destination range, total size 0x268:
          0x2000'0000   0x268



*******************************************************************************
*** MODULE SUMMARY
***

    Module                        ro code  ro data  rw data
    ------                        -------  -------  -------
command line/config:
    -------------------------------------------------------
    Total:

D:\Radio\Jobe\LED Driver_v2\prog\EWARM\prog\Obj: [1]
    adc.o                             584               244
    cmsis_os.o                        130
    freertos.o                        296       24      604
    gpio.o                            276
    heap_4.o                          436            20'504
    list.o                            146
    main.o                            290       81      412
    mb.o                              304       34      172
    mbcrc.o                            48      512
    mbfunccoils.o                     294
    mbfuncdisc.o                      112
    mbfuncholding.o                   386
    mbfuncinput.o                      96
    mbfuncother.o                      32                34
    mbrtu.o                           640      176      268
    mbutils.o                          24
    port.o                            440        3       12
    portasm.o                         176
    portevent.o                        48                 2
    portserial.o                      160                 4
    porttimer.o                       108                 4
    spi.o                             308               200
    startup_stm32f303xc.o             664
    stm32f3xx_hal.o                   104        3       12
    stm32f3xx_hal_adc_ex.o          1'780
    stm32f3xx_hal_cortex.o            152
    stm32f3xx_hal_dma.o               144
    stm32f3xx_hal_gpio.o              436
    stm32f3xx_hal_msp.o                60
    stm32f3xx_hal_rcc.o             1'268
    stm32f3xx_hal_rcc_ex.o            436
    stm32f3xx_hal_spi.o             2'096
    stm32f3xx_hal_tim.o             1'748
    stm32f3xx_hal_tim_ex.o            278
    stm32f3xx_hal_timebase_tim.o      120                76
    stm32f3xx_hal_uart.o            1'814
    stm32f3xx_hal_uart_ex.o           148
    stm32f3xx_it.o                     32
    system_stm32f3xx.o                 44        9        4
    tasks.o                         1'416               296
    tim.o                           1'640               684
    usart.o                           304               264
    -------------------------------------------------------
    Total:                         20'018      842   23'796

dl7M_tlf.a: [2]
    abort.o                             6
    exit.o                              4
    low_level_init.o                    4
    -------------------------------------------------------
    Total:                             14

m7M_tls.a: [3]
    fpinit_M.o                         34
    -------------------------------------------------------
    Total:                             34

rt7M_tl.a: [4]
    ABImemcpy_small.o                  24
    ABImemset_small.o                  18
    cexit.o                            10
    cmain.o                            30
    cstartup_M.o                       12
    data_init.o                        40
    memset.o                           20
    packbits_init_single.o             56
    zero_init3.o                       58
    -------------------------------------------------------
    Total:                            268

shb_l.a: [5]
    ABIassert.o                        36
    exit.o                             20
    unwind_debug.o                               1
    -------------------------------------------------------
    Total:                             56        1

    Gaps                               17        4
    Linker created                              32    2'048
-----------------------------------------------------------
    Grand Total:                   20'407      879   25'844


*******************************************************************************
*** ENTRY LIST
***

Entry                       Address    Size  Type      Object
-----                       -------    ----  ----      ------
.iar.init_table$$Base    0x800'50dc           --   Gb  - Linker created -
.iar.init_table$$Limit   0x800'50fc           --   Gb  - Linker created -
?main                    0x800'513d          Code  Gb  cmain.o [4]
ADC_Disable              0x800'2963    0x4a  Code  Lc  stm32f3xx_hal_adc_ex.o [1]
AHBPrescTable            0x800'5080    0x10  Data  Gb  system_stm32f3xx.o [1]
APBPrescTable            0x800'51a4     0x8  Data  Gb  system_stm32f3xx.o [1]
BusFault_Handler         0x800'5123     0x2  Code  Gb  stm32f3xx_it.o [1]
CSTACK$$Base            0x2000'5cf8           --   Gb  - Linker created -
CSTACK$$Limit           0x2000'64f8           --   Gb  - Linker created -
DebugMon_Handler         0x800'5127     0x2  Code  Gb  stm32f3xx_it.o [1]
Error_Handler            0x800'0c19     0x2  Code  Gb  main.o [1]
HAL_ADCEx_MultiModeConfigChannel
                         0x800'2875    0xe4  Code  Gb  stm32f3xx_hal_adc_ex.o [1]
HAL_ADC_ConfigChannel    0x800'2551   0x2ec  Code  Gb  stm32f3xx_hal_adc_ex.o [1]
HAL_ADC_Init             0x800'22f9   0x216  Code  Gb  stm32f3xx_hal_adc_ex.o [1]
HAL_ADC_MspInit          0x800'1019   0x10e  Code  Gb  adc.o [1]
HAL_DMA_Abort            0x800'4075    0x40  Code  Gb  stm32f3xx_hal_dma.o [1]
HAL_DMA_Abort_IT         0x800'40b5    0x40  Code  Gb  stm32f3xx_hal_dma.o [1]
HAL_Delay                0x800'3985    0x28  Code  Wk  stm32f3xx_hal.o [1]
HAL_GPIO_Init            0x800'0c69   0x18c  Code  Gb  stm32f3xx_hal_gpio.o [1]
HAL_GPIO_WritePin        0x800'0df5     0xa  Code  Gb  stm32f3xx_hal_gpio.o [1]
HAL_GetTick              0x800'0aed     0xc  Code  Wk  stm32f3xx_hal.o [1]
HAL_IncTick              0x800'2189    0x10  Code  Wk  stm32f3xx_hal.o [1]
HAL_Init                 0x800'0e1d    0x20  Code  Gb  stm32f3xx_hal.o [1]
HAL_InitTick             0x800'2245    0x68  Code  Gb  stm32f3xx_hal_timebase_tim.o [1]
HAL_MspInit              0x800'22bd    0x3c  Code  Gb  stm32f3xx_hal_msp.o [1]
HAL_NVIC_EnableIRQ       0x800'221b    0x16  Code  Gb  stm32f3xx_hal_cortex.o [1]
HAL_NVIC_SetPriority     0x800'21e1    0x3a  Code  Gb  stm32f3xx_hal_cortex.o [1]
HAL_NVIC_SetPriorityGrouping
                         0x800'21c7    0x1a  Code  Gb  stm32f3xx_hal_cortex.o [1]
HAL_RCCEx_PeriphCLKConfig
                         0x800'1fd5   0x1a8  Code  Gb  stm32f3xx_hal_rcc_ex.o [1]
HAL_RCC_ADC12_CLK_ENABLED
                        0x2000'5cec     0x4  Data  Lc  adc.o [1]
HAL_RCC_ClockConfig      0x800'1df1    0xde  Code  Gb  stm32f3xx_hal_rcc.o [1]
HAL_RCC_GetClockConfig   0x800'1f4d    0x36  Code  Gb  stm32f3xx_hal_rcc.o [1]
HAL_RCC_GetPCLK1Freq     0x800'1f29    0x10  Code  Gb  stm32f3xx_hal_rcc.o [1]
HAL_RCC_GetPCLK2Freq     0x800'1f39     0xe  Code  Gb  stm32f3xx_hal_rcc.o [1]
HAL_RCC_GetSysClockFreq
                         0x800'1eed    0x3c  Code  Gb  stm32f3xx_hal_rcc.o [1]
HAL_RCC_OscConfig        0x800'1ae1   0x308  Code  Gb  stm32f3xx_hal_rcc.o [1]
HAL_RS485Ex_Init         0x800'31c9    0x7a  Code  Gb  stm32f3xx_hal_uart_ex.o [1]
HAL_SPI_Init             0x800'0189    0xdc  Code  Gb  stm32f3xx_hal_spi.o [1]
HAL_SPI_MspInit          0x800'0a31    0x92  Code  Gb  spi.o [1]
HAL_SPI_Receive          0x800'03c7   0x150  Code  Gb  stm32f3xx_hal_spi.o [1]
HAL_SPI_Transmit         0x800'0265   0x162  Code  Gb  stm32f3xx_hal_spi.o [1]
HAL_SPI_TransmitReceive
                         0x800'0521   0x1fe  Code  Gb  stm32f3xx_hal_spi.o [1]
HAL_TIMEx_Break2Callback
                         0x800'406b     0x2  Code  Wk  stm32f3xx_hal_tim_ex.o [1]
HAL_TIMEx_BreakCallback
                         0x800'4069     0x2  Code  Wk  stm32f3xx_hal_tim_ex.o [1]
HAL_TIMEx_CommutCallback
                         0x800'406f     0x2  Code  Wk  stm32f3xx_hal_tim_ex.o [1]
HAL_TIMEx_ConfigBreakDeadTime
                         0x800'312f    0x84  Code  Gb  stm32f3xx_hal_tim_ex.o [1]
HAL_TIMEx_MasterConfigSynchronization
                         0x800'30b9    0x76  Code  Gb  stm32f3xx_hal_tim_ex.o [1]
HAL_TIM_Base_Init        0x800'29ed    0x1a  Code  Gb  stm32f3xx_hal_tim.o [1]
HAL_TIM_Base_MspInit     0x800'156d    0x50  Code  Gb  tim.o [1]
HAL_TIM_Base_Start_IT    0x800'2a07    0x74  Code  Gb  stm32f3xx_hal_tim.o [1]
HAL_TIM_Base_Stop_IT     0x800'2a7b    0x1e  Code  Gb  stm32f3xx_hal_tim.o [1]
HAL_TIM_IRQHandler       0x800'2b19   0x15c  Code  Gb  stm32f3xx_hal_tim.o [1]
HAL_TIM_MspPostInit      0x800'15bd   0x19c  Code  Gb  tim.o [1]
HAL_TIM_PWM_ConfigChannel
                         0x800'2c7b   0x102  Code  Gb  stm32f3xx_hal_tim.o [1]
HAL_TIM_PWM_Init         0x800'2ad7    0x1a  Code  Gb  stm32f3xx_hal_tim.o [1]
HAL_TIM_PWM_MspInit      0x800'14d5    0x98  Code  Gb  tim.o [1]
HAL_TIM_PeriodElapsedCallback
                         0x800'0c01     0xe  Code  Gb  main.o [1]
HAL_UARTEx_WakeupCallback
                         0x800'325b     0x2  Code  Wk  stm32f3xx_hal_uart_ex.o [1]
HAL_UART_IRQHandler      0x800'339f   0x20e  Code  Gb  stm32f3xx_hal_uart.o [1]
HAL_UART_Init            0x800'325d    0x30  Code  Gb  stm32f3xx_hal_uart.o [1]
HAL_UART_MspInit         0x800'1869    0x9e  Code  Gb  usart.o [1]
HAL_UART_Transmit        0x800'32dd    0xb8  Code  Gb  stm32f3xx_hal_uart.o [1]
HardFault_Handler        0x800'511f     0x2  Code  Gb  stm32f3xx_it.o [1]
MX_ADC1_Init             0x800'0f55    0x42  Code  Gb  adc.o [1]
MX_ADC2_Init             0x800'0f97     0xe  Code  Gb  adc.o [1]
MX_ADC4_Init             0x800'0faf     0xc  Code  Gb  adc.o [1]
MX_FREERTOS_Init()       0x800'1945    0x34  Code  Gb  freertos.o [1]
MX_GPIO_Init             0x800'0e41    0xea  Code  Gb  gpio.o [1]
MX_SPI1_Init             0x800'09b9    0x22  Code  Gb  spi.o [1]
MX_SPI3_Init             0x800'09db    0x20  Code  Gb  spi.o [1]
MX_TIM15_Init            0x800'137f    0x84  Code  Gb  tim.o [1]
MX_TIM16_Init            0x800'1419    0x18  Code  Gb  tim.o [1]
MX_TIM17_Init            0x800'1431    0x16  Code  Gb  tim.o [1]
MX_TIM1_Init             0x800'119d    0x1a  Code  Gb  tim.o [1]
MX_TIM2_Init             0x800'11b7    0x16  Code  Gb  tim.o [1]
MX_TIM3_Init             0x800'11d7    0x14  Code  Gb  tim.o [1]
MX_TIM4_Init             0x800'1277    0x16  Code  Gb  tim.o [1]
MX_TIM6_Init             0x800'128d    0x36  Code  Gb  tim.o [1]
MX_TIM8_Init             0x800'12c3    0x18  Code  Gb  tim.o [1]
MX_USART1_UART_Init      0x800'1805    0x30  Code  Gb  usart.o [1]
MX_USART2_UART_Init      0x800'1835    0x2c  Code  Gb  usart.o [1]
MainTaskHandle          0x2000'5ce4     0x4  Data  Gb  freertos.o [1]
MemManage_Handler        0x800'5121     0x2  Code  Gb  stm32f3xx_it.o [1]
ModBusTask(void const *)
                         0x800'19d3    0x20  Code  Gb  freertos.o [1]
ModBus_TaskHandle       0x2000'5ce8     0x4  Data  Gb  freertos.o [1]
NMI_Handler              0x800'511d     0x2  Code  Gb  stm32f3xx_it.o [1]
PendSV_Handler           0x800'491d          Code  Gb  portasm.o [1]
Region$$Table$$Base      0x800'50dc           --   Gb  - Linker created -
Region$$Table$$Limit     0x800'50fc           --   Gb  - Linker created -
SPI_EndRxTransaction     0x800'08ff    0x4a  Code  Lc  stm32f3xx_hal_spi.o [1]
SPI_EndRxTxTransaction   0x800'096d    0x2e  Code  Lc  stm32f3xx_hal_spi.o [1]
SPI_WaitFifoStateUntilTimeout
                         0x800'0837    0xbc  Code  Lc  stm32f3xx_hal_spi.o [1]
SPI_WaitFlagStateUntilTimeout
                         0x800'0781    0xb6  Code  Lc  stm32f3xx_hal_spi.o [1]
SVC_Handler              0x800'4975          Code  Gb  portasm.o [1]
StartDefaultTask(void const *)
                         0x800'1979    0x5a  Code  Gb  freertos.o [1]
SysTick_Handler          0x800'4741    0x26  Code  Gb  port.o [1]
SystemClock_Config()     0x800'0b79    0x88  Code  Gb  main.o [1]
SystemCoreClock         0x2000'0264     0x4  Data  Gb  system_stm32f3xx.o [1]
SystemInit               0x800'5065    0x14  Code  Gb  system_stm32f3xx.o [1]
TIM7_IRQHandler          0x800'512f     0x6  Code  Gb  stm32f3xx_it.o [1]
TIM_Base_SetConfig       0x800'2d89    0xa0  Code  Gb  stm32f3xx_hal_tim.o [1]
TIM_OC1_SetConfig        0x800'2e29    0x82  Code  Lc  stm32f3xx_hal_tim.o [1]
TIM_OC2_SetConfig        0x800'2eab    0x72  Code  Gb  stm32f3xx_hal_tim.o [1]
TIM_OC3_SetConfig        0x800'2f1d    0x70  Code  Lc  stm32f3xx_hal_tim.o [1]
TIM_OC4_SetConfig        0x800'2f8d    0x4e  Code  Lc  stm32f3xx_hal_tim.o [1]
TIM_OC5_SetConfig        0x800'2fdb    0x54  Code  Lc  stm32f3xx_hal_tim.o [1]
TIM_OC6_SetConfig        0x800'302f    0x4e  Code  Lc  stm32f3xx_hal_tim.o [1]
UART_AdvFeatureConfig    0x800'377d    0xc6  Code  Gb  stm32f3xx_hal_uart.o [1]
UART_CheckIdleState      0x800'3843    0x5c  Code  Gb  stm32f3xx_hal_uart.o [1]
UART_DMAAbortOnError     0x800'395d    0x10  Code  Lc  stm32f3xx_hal_uart.o [1]
UART_EndRxTransfer       0x800'392d    0x30  Code  Lc  stm32f3xx_hal_uart.o [1]
UART_SetConfig           0x800'35b9   0x1a0  Code  Gb  stm32f3xx_hal_uart.o [1]
UART_WaitOnFlagUntilTimeout
                         0x800'389f    0x78  Code  Gb  stm32f3xx_hal_uart.o [1]
USART1_IRQHandler        0x800'5129     0x6  Code  Gb  stm32f3xx_it.o [1]
UsageFault_Handler       0x800'5125     0x2  Code  Gb  stm32f3xx_it.o [1]
__NVIC_SetPriority       0x800'21ad    0x1a  Code  Lc  stm32f3xx_hal_cortex.o [1]
__aeabi_assert           0x800'48c9    0x24  Code  Gb  ABIassert.o [5]
__cmain                  0x800'513d          Code  Gb  cmain.o [4]
__exit                   0x800'49d5    0x14  Code  Gb  exit.o [5]
__iar_data_init3         0x800'5091    0x28  Code  Gb  data_init.o [4]
__iar_debug_exceptions   0x800'1ade     0x1  Data  Gb  unwind_debug.o [5]
__iar_init_vfp           0x800'50b9          Code  Gb  fpinit_M.o [3]
__iar_packbits_init_single3
                         0x800'502d    0x38  Code  Gb  packbits_init_single.o [4]
__iar_program_start      0x800'5199          Code  Gb  cstartup_M.o [4]
__iar_small_Memcpy       0x800'3971          Code  Gb  ABImemcpy_small.o [4]
__iar_small_Memset       0x800'2199          Code  Gb  ABImemset_small.o [4]
__iar_small_Memset_word
                         0x800'2199          Code  Gb  ABImemset_small.o [4]
__iar_small_memcpy       0x800'396d          Code  Gb  ABImemcpy_small.o [4]
__iar_small_memcpy4      0x800'396d          Code  Gb  ABImemcpy_small.o [4]
__iar_small_memcpy8      0x800'396d          Code  Gb  ABImemcpy_small.o [4]
__iar_small_memset       0x800'2199          Code  Gb  ABImemset_small.o [4]
__iar_zero_init3         0x800'0c2f    0x3a  Code  Gb  zero_init3.o [4]
__low_level_init         0x800'515b     0x4  Code  Gb  low_level_init.o [2]
__vector_table           0x800'0000          Data  Gb  startup_stm32f303xc.o [1]
_call_main               0x800'5149          Code  Gb  cmain.o [4]
_exit                    0x800'5165          Code  Gb  cexit.o [4]
_main                    0x800'5157          Code  Gb  cmain.o [4]
aPLLMULFactorTable       0x800'1fb4    0x10  Data  Gb  stm32f3xx_hal_rcc.o [1]
aPredivFactorTable       0x800'1fc4    0x10  Data  Gb  stm32f3xx_hal_rcc.o [1]
abort                    0x800'49cd     0x6  Code  Gb  abort.o [2]
aucCRCHi                 0x800'49e8   0x100  Data  Lc  mbcrc.o [1]
aucCRCLo                 0x800'4ae8   0x100  Data  Lc  mbcrc.o [1]
downcounter             0x2000'5cf2     0x2  Data  Gb  porttimer.o [1]
eMBEnable                0x800'3a05    0x1a  Code  Gb  mb.o [1]
eMBFuncReadCoils         0x800'4d85    0x68  Code  Gb  mbfunccoils.o [1]
eMBFuncReadDiscreteInputs
                         0x800'4f5d    0x70  Code  Gb  mbfuncdisc.o [1]
eMBFuncReadHoldingRegister
                         0x800'4c6d    0x5c  Code  Gb  mbfuncholding.o [1]
eMBFuncReadInputRegister
                         0x800'4fcd    0x60  Code  Gb  mbfuncinput.o [1]
eMBFuncReadWriteMultipleHoldingRegister
                         0x800'4cc9    0xa2  Code  Gb  mbfuncholding.o [1]
eMBFuncReportSlaveID     0x800'50fd    0x18  Code  Gb  mbfuncother.o [1]
eMBFuncWriteCoil         0x800'4ded    0x54  Code  Gb  mbfunccoils.o [1]
eMBFuncWriteHoldingRegister
                         0x800'4be9    0x32  Code  Gb  mbfuncholding.o [1]
eMBFuncWriteMultipleCoils
                         0x800'4e41    0x5a  Code  Gb  mbfunccoils.o [1]
eMBFuncWriteMultipleHoldingRegister
                         0x800'4c1b    0x52  Code  Gb  mbfuncholding.o [1]
eMBInit                  0x800'39ad    0x58  Code  Gb  mb.o [1]
eMBPoll                  0x800'3a1f    0x98  Code  Gb  mb.o [1]
eMBPoll::ucFunctionCode
                        0x2000'019f     0x1  Data  Lc  mb.o [1]
eMBPoll::ucMBFrame      0x2000'01c4     0x4  Data  Lc  mb.o [1]
eMBPoll::ucRcvAddress   0x2000'019e     0x1  Data  Lc  mb.o [1]
eMBPoll::usLength       0x2000'01a0     0x2  Data  Lc  mb.o [1]
eMBRTUInit               0x800'410d    0x3a  Code  Gb  mbrtu.o [1]
eMBRTUReceive            0x800'4171    0x56  Code  Gb  mbrtu.o [1]
eMBRTUSend               0x800'41c7    0x50  Code  Gb  mbrtu.o [1]
eMBRTUStart              0x800'4147    0x16  Code  Gb  mbrtu.o [1]
eMBRTUStop               0x800'415d    0x14  Code  Gb  mbrtu.o [1]
eMBRegCoilsCB            0x800'1a11     0x4  Code  Gb  freertos.o [1]
eMBRegDiscreteCB         0x800'1a15     0x4  Code  Gb  freertos.o [1]
eMBRegHoldingCB          0x800'1a0d     0x4  Code  Gb  freertos.o [1]
eMBRegInputCB            0x800'1a09     0x4  Code  Gb  freertos.o [1]
eMBState                0x2000'019d     0x1  Data  Lc  mb.o [1]
eQueuedEvent            0x2000'5cd6     0x1  Data  Lc  portevent.o [1]
eRcvState               0x2000'5cd9     0x1  Data  Lc  mbrtu.o [1]
eSndState               0x2000'5cd8     0x1  Data  Lc  mbrtu.o [1]
exit                     0x800'515f     0x4  Code  Gb  exit.o [2]
hadc1                   0x2000'58cc    0x50  Data  Gb  adc.o [1]
hadc2                   0x2000'591c    0x50  Data  Gb  adc.o [1]
hadc4                   0x2000'596c    0x50  Data  Gb  adc.o [1]
hspi1                   0x2000'5804    0x64  Data  Gb  spi.o [1]
hspi3                   0x2000'5868    0x64  Data  Gb  spi.o [1]
htim1                   0x2000'5a08    0x4c  Data  Gb  tim.o [1]
htim15                  0x2000'5bd0    0x4c  Data  Gb  tim.o [1]
htim16                  0x2000'5c1c    0x4c  Data  Gb  tim.o [1]
htim17                  0x2000'5c68    0x4c  Data  Gb  tim.o [1]
htim2                   0x2000'5a54    0x4c  Data  Gb  tim.o [1]
htim3                   0x2000'5aa0    0x4c  Data  Gb  tim.o [1]
htim4                   0x2000'5aec    0x4c  Data  Gb  tim.o [1]
htim6                   0x2000'5b38    0x4c  Data  Gb  tim.o [1]
htim7                   0x2000'59bc    0x4c  Data  Gb  stm32f3xx_hal_timebase_tim.o [1]
htim8                   0x2000'5b84    0x4c  Data  Gb  tim.o [1]
huart1                  0x2000'56fc    0x84  Data  Gb  usart.o [1]
huart2                  0x2000'5780    0x84  Data  Gb  usart.o [1]
main                     0x800'0af9    0x80  Code  Gb  main.o [1]
makeFreeRtosPriority     0x800'1a5d     0xc  Code  Lc  cmsis_os.o [1]
memset                   0x800'0c1b    0x14  Code  Gb  memset.o [4]
osDelay                  0x800'1ad1     0xe  Code  Gb  cmsis_os.o [1]
osKernelStart            0x800'1a69     0xa  Code  Gb  cmsis_os.o [1]
osThreadCreate           0x800'1a73    0x5e  Code  Gb  cmsis_os.o [1]
peMBFrameReceiveCur     0x2000'01b0     0x4  Data  Lc  mb.o [1]
peMBFrameSendCur        0x2000'01a4     0x4  Data  Lc  mb.o [1]
prvAddCurrentTaskToDelayedList
                         0x800'3fe9    0x5e  Code  Lc  tasks.o [1]
prvAddNewTaskToReadyList
                         0x800'3c0d    0xa8  Code  Lc  tasks.o [1]
prvDeleteTCB             0x800'3f67    0x2e  Code  Lc  tasks.o [1]
prvIdleTask              0x800'3f25    0x42  Code  Lc  tasks.o [1]
prvInitialiseNewTask     0x800'3b95    0x78  Code  Lc  tasks.o [1]
prvInsertBlockIntoFreeList
                         0x800'4523    0x46  Code  Lc  heap_4.o [1]
prvResetNextTaskUnblockTime
                         0x800'3f95    0x1a  Code  Lc  tasks.o [1]
prvTaskExitError         0x800'462d    0x1c  Code  Lc  port.o [1]
prveMBError2Exception    0x800'4d6d    0x18  Code  Gb  mbutils.o [1]
pucSndBufferCur         0x2000'5ce0     0x4  Data  Lc  mbrtu.o [1]
pvMBFrameCloseCur       0x2000'01b4     0x4  Data  Lc  mb.o [1]
pvMBFrameStartCur       0x2000'01a8     0x4  Data  Lc  mb.o [1]
pvMBFrameStopCur        0x2000'01ac     0x4  Data  Lc  mb.o [1]
pvPortMalloc             0x800'43bd   0x104  Code  Gb  heap_4.o [1]
pxCurrentTCB            0x2000'55fc     0x4  Data  Gb  tasks.o [1]
pxDelayedTaskList       0x2000'5600     0x4  Data  Lc  tasks.o [1]
pxEnd                   0x2000'0270     0x4  Data  Lc  heap_4.o [1]
pxMBFrameCBByteReceived
                        0x2000'01b8     0x4  Data  Gb  mb.o [1]
pxMBFrameCBTransmitterEmpty
                        0x2000'01bc     0x4  Data  Gb  mb.o [1]
pxMBPortCBTimerExpired  0x2000'01c0     0x4  Data  Gb  mb.o [1]
pxOverflowDelayedTaskList
                        0x2000'5604     0x4  Data  Lc  tasks.o [1]
pxPortInitialiseStack    0x800'4605    0x26  Code  Gb  port.o [1]
pxReadyTasksLists       0x2000'5670    0x8c  Data  Lc  tasks.o [1]
resetSettings           0x2000'0000     0x1  Data  Gb  main.o [1]
serial                  0x2000'0254     0x4  Data  Gb  portserial.o [1]
settings                0x2000'0004   0x198  Data  Gb  main.o [1]
timeout                 0x2000'5cf0     0x2  Data  Gb  porttimer.o [1]
ucHeap                  0x2000'0280  0x5000  Data  Lc  heap_4.o [1]
ucMBAddress             0x2000'019c     0x1  Data  Lc  mb.o [1]
ucMBSlaveID             0x2000'5cb4    0x20  Data  Lc  mbfuncother.o [1]
ucMaxSysCallPriority    0x2000'0248     0x1  Data  Lc  port.o [1]
ucRTUBuf                0x2000'54d4   0x100  Data  Gb  mbrtu.o [1]
ulMaxPRIGROUPValue      0x2000'0250     0x4  Data  Lc  port.o [1]
usMBCRC16                0x800'48ed    0x30  Code  Gb  mbcrc.o [1]
usMBSlaveIDLen          0x2000'5cd4     0x2  Data  Lc  mbfuncother.o [1]
usRcvBufferPos          0x2000'5cdc     0x2  Data  Lc  mbrtu.o [1]
usSndBufferCount        0x2000'5cda     0x2  Data  Lc  mbrtu.o [1]
uwTick                  0x2000'025c     0x4  Data  Gb  stm32f3xx_hal.o [1]
uwTickFreq              0x2000'0258     0x1  Data  Gb  stm32f3xx_hal.o [1]
uwTickPrio              0x2000'0260     0x4  Data  Gb  stm32f3xx_hal.o [1]
uxCriticalNesting       0x2000'024c     0x4  Data  Lc  port.o [1]
uxCurrentNumberOfTasks  0x2000'5620     0x4  Data  Lc  tasks.o [1]
uxDeletedTasksWaitingCleanUp
                        0x2000'5608     0x4  Data  Lc  tasks.o [1]
uxListRemove             0x800'45dd    0x26  Code  Gb  list.o [1]
uxPendedTicks           0x2000'5630     0x4  Data  Lc  tasks.o [1]
uxSchedulerSuspended    0x2000'5644     0x4  Data  Lc  tasks.o [1]
uxTaskNumber            0x2000'563c     0x4  Data  Lc  tasks.o [1]
uxTopReadyPriority      0x2000'5628     0x4  Data  Lc  tasks.o [1]
vApplicationGetIdleTaskMemory
                         0x800'1935    0x10  Code  Gb  freertos.o [1]
vListInitialise          0x800'4571    0x1a  Code  Gb  list.o [1]
vListInitialiseItem      0x800'458b     0x6  Code  Gb  list.o [1]
vListInsert              0x800'45ab    0x32  Code  Gb  list.o [1]
vListInsertEnd           0x800'4591    0x1a  Code  Gb  list.o [1]
vMBPortSerialEnable      0x800'47bd    0x30  Code  Gb  portserial.o [1]
vMBPortTimersDisable     0x800'48b1     0x6  Code  Gb  porttimer.o [1]
vMBPortTimersEnable      0x800'48a5     0xc  Code  Gb  porttimer.o [1]
vPortEnableVFP           0x800'49b1          Code  Gb  portasm.o [1]
vPortEnterCritical       0x800'46ed    0x32  Code  Gb  port.o [1]
vPortExitCritical        0x800'471f    0x22  Code  Gb  port.o [1]
vPortFree                0x800'44cf    0x46  Code  Gb  heap_4.o [1]
vPortStartFirstTask      0x800'4991          Code  Gb  portasm.o [1]
vTaskDelay               0x800'3cb5    0x2e  Code  Gb  tasks.o [1]
vTaskStartScheduler      0x800'3ce9    0x54  Code  Gb  tasks.o [1]
vTaskSuspendAll          0x800'3d45     0xc  Code  Gb  tasks.o [1]
vTaskSwitchContext       0x800'3eb5    0x52  Code  Gb  tasks.o [1]
xBlockAllocatedBit      0x2000'027c     0x4  Data  Lc  heap_4.o [1]
xDelayedTaskList1       0x2000'5648    0x14  Data  Lc  tasks.o [1]
xDelayedTaskList2       0x2000'565c    0x14  Data  Lc  tasks.o [1]
xEventInQueue           0x2000'5cd7     0x1  Data  Lc  portevent.o [1]
xFreeBytesRemaining     0x2000'0274     0x4  Data  Lc  heap_4.o [1]
xFuncHandlers           0x2000'01c8    0x80  Data  Lc  mb.o [1]
xIdleStack              0x2000'52d4   0x200  Data  Lc  freertos.o [1]
xIdleTaskTCBBuffer      0x2000'5280    0x54  Data  Lc  freertos.o [1]
xMBPortEventGet          0x800'43a3    0x16  Code  Gb  portevent.o [1]
xMBPortEventInit         0x800'438d     0xa  Code  Gb  portevent.o [1]
xMBPortEventPost         0x800'4397     0xc  Code  Gb  portevent.o [1]
xMBPortSerialGetByte     0x800'4847     0xe  Code  Gb  portserial.o [1]
xMBPortSerialInit        0x800'47ed    0x42  Code  Gb  portserial.o [1]
xMBPortSerialPutByte     0x800'482f    0x18  Code  Gb  portserial.o [1]
xMBPortTimersInit        0x800'485d    0x48  Code  Gb  porttimer.o [1]
xMBRTUReceiveFSM         0x800'4219    0x52  Code  Gb  mbrtu.o [1]
xMBRTUTimerT35Expired    0x800'42dd    0x50  Code  Gb  mbrtu.o [1]
xMBRTUTransmitFSM        0x800'4279    0x5c  Code  Gb  mbrtu.o [1]
xMinimumEverFreeBytesRemaining
                        0x2000'0278     0x4  Data  Lc  heap_4.o [1]
xNextTaskUnblockTime    0x2000'5640     0x4  Data  Lc  tasks.o [1]
xNumOfOverflows         0x2000'5638     0x4  Data  Lc  tasks.o [1]
xPendingReadyList       0x2000'55d4    0x14  Data  Lc  tasks.o [1]
xPortStartScheduler      0x800'4649    0xa4  Code  Gb  port.o [1]
xSchedulerRunning       0x2000'562c     0x4  Data  Lc  tasks.o [1]
xStart                  0x2000'0268     0x8  Data  Lc  heap_4.o [1]
xSuspendedTaskList      0x2000'560c    0x14  Data  Lc  tasks.o [1]
xTaskCreate              0x800'3b39    0x5c  Code  Gb  tasks.o [1]
xTaskCreateStatic        0x800'3add    0x5c  Code  Gb  tasks.o [1]
xTaskIncrementTick       0x800'3df9    0xbc  Code  Gb  tasks.o [1]
xTaskResumeAll           0x800'3d51    0x98  Code  Gb  tasks.o [1]
xTasksWaitingTermination
                        0x2000'55e8    0x14  Data  Lc  tasks.o [1]
xTickCount              0x2000'5624     0x4  Data  Lc  tasks.o [1]
xYieldPending           0x2000'5634     0x4  Data  Lc  tasks.o [1]


[1] = D:\Radio\Jobe\LED Driver_v2\prog\EWARM\prog\Obj
[2] = dl7M_tlf.a
[3] = m7M_tls.a
[4] = rt7M_tl.a
[5] = shb_l.a

  20'407 bytes of readonly  code memory
     879 bytes of readonly  data memory
  25'844 bytes of readwrite data memory

Errors: none
Warnings: none
